Archive member included because of file (symbol)

c:/siliconlabs/simplicitystudio/v4/developer/toolchains/gnu_arm/4.9_2015q3/bin/../lib/gcc/arm-none-eabi/4.9.3/../../../../arm-none-eabi/lib/armv6-m\libm.a(lib_a-s_round.o)
                              ./src/main.o (round)
c:/siliconlabs/simplicitystudio/v4/developer/toolchains/gnu_arm/4.9_2015q3/bin/../lib/gcc/arm-none-eabi/4.9.3/armv6-m\libgcc.a(_udivsi3.o)
                              ./CMSIS/EFM32HG/system_efm32hg.o (__aeabi_uidiv)
c:/siliconlabs/simplicitystudio/v4/developer/toolchains/gnu_arm/4.9_2015q3/bin/../lib/gcc/arm-none-eabi/4.9.3/armv6-m\libgcc.a(_divsi3.o)
                              ./lora/rn2483.o (__aeabi_idivmod)
c:/siliconlabs/simplicitystudio/v4/developer/toolchains/gnu_arm/4.9_2015q3/bin/../lib/gcc/arm-none-eabi/4.9.3/armv6-m\libgcc.a(_dvmd_tls.o)
                              c:/siliconlabs/simplicitystudio/v4/developer/toolchains/gnu_arm/4.9_2015q3/bin/../lib/gcc/arm-none-eabi/4.9.3/armv6-m\libgcc.a(_udivsi3.o) (__aeabi_idiv0)
c:/siliconlabs/simplicitystudio/v4/developer/toolchains/gnu_arm/4.9_2015q3/bin/../lib/gcc/arm-none-eabi/4.9.3/armv6-m\libgcc.a(_clzsi2.o)
                              ./emlib/em_cmu.o (__clzsi2)
c:/siliconlabs/simplicitystudio/v4/developer/toolchains/gnu_arm/4.9_2015q3/bin/../lib/gcc/arm-none-eabi/4.9.3/armv6-m\libgcc.a(_aeabi_uldivmod.o)
                              ./Drivers/rtcdriver.o (__aeabi_uldivmod)
c:/siliconlabs/simplicitystudio/v4/developer/toolchains/gnu_arm/4.9_2015q3/bin/../lib/gcc/arm-none-eabi/4.9.3/armv6-m\libgcc.a(_muldi3.o)
                              ./Drivers/rtcdriver.o (__aeabi_lmul)
c:/siliconlabs/simplicitystudio/v4/developer/toolchains/gnu_arm/4.9_2015q3/bin/../lib/gcc/arm-none-eabi/4.9.3/armv6-m\libgcc.a(bpabi.o)
                              c:/siliconlabs/simplicitystudio/v4/developer/toolchains/gnu_arm/4.9_2015q3/bin/../lib/gcc/arm-none-eabi/4.9.3/armv6-m\libgcc.a(_aeabi_uldivmod.o) (__gnu_uldivmod_helper)
c:/siliconlabs/simplicitystudio/v4/developer/toolchains/gnu_arm/4.9_2015q3/bin/../lib/gcc/arm-none-eabi/4.9.3/armv6-m\libgcc.a(divsf3.o)
                              ./src/main.o (__aeabi_fdiv)
c:/siliconlabs/simplicitystudio/v4/developer/toolchains/gnu_arm/4.9_2015q3/bin/../lib/gcc/arm-none-eabi/4.9.3/armv6-m\libgcc.a(floatsisf.o)
                              ./src/main.o (__aeabi_i2f)
c:/siliconlabs/simplicitystudio/v4/developer/toolchains/gnu_arm/4.9_2015q3/bin/../lib/gcc/arm-none-eabi/4.9.3/armv6-m\libgcc.a(floatunsisf.o)
                              ./src/main.o (__aeabi_ui2f)
c:/siliconlabs/simplicitystudio/v4/developer/toolchains/gnu_arm/4.9_2015q3/bin/../lib/gcc/arm-none-eabi/4.9.3/armv6-m\libgcc.a(adddf3.o)
                              c:/siliconlabs/simplicitystudio/v4/developer/toolchains/gnu_arm/4.9_2015q3/bin/../lib/gcc/arm-none-eabi/4.9.3/../../../../arm-none-eabi/lib/armv6-m\libm.a(lib_a-s_round.o) (__aeabi_dadd)
c:/siliconlabs/simplicitystudio/v4/developer/toolchains/gnu_arm/4.9_2015q3/bin/../lib/gcc/arm-none-eabi/4.9.3/armv6-m\libgcc.a(muldf3.o)
                              ./src/main.o (__aeabi_dmul)
c:/siliconlabs/simplicitystudio/v4/developer/toolchains/gnu_arm/4.9_2015q3/bin/../lib/gcc/arm-none-eabi/4.9.3/armv6-m\libgcc.a(fixdfsi.o)
                              ./src/main.o (__aeabi_d2iz)
c:/siliconlabs/simplicitystudio/v4/developer/toolchains/gnu_arm/4.9_2015q3/bin/../lib/gcc/arm-none-eabi/4.9.3/armv6-m\libgcc.a(extendsfdf2.o)
                              ./src/main.o (__aeabi_f2d)
c:/siliconlabs/simplicitystudio/v4/developer/toolchains/gnu_arm/4.9_2015q3/bin/../lib/gcc/arm-none-eabi/4.9.3/armv6-m\libgcc.a(_divdi3.o)
                              c:/siliconlabs/simplicitystudio/v4/developer/toolchains/gnu_arm/4.9_2015q3/bin/../lib/gcc/arm-none-eabi/4.9.3/armv6-m\libgcc.a(bpabi.o) (__divdi3)
c:/siliconlabs/simplicitystudio/v4/developer/toolchains/gnu_arm/4.9_2015q3/bin/../lib/gcc/arm-none-eabi/4.9.3/armv6-m\libgcc.a(_udivdi3.o)
                              c:/siliconlabs/simplicitystudio/v4/developer/toolchains/gnu_arm/4.9_2015q3/bin/../lib/gcc/arm-none-eabi/4.9.3/armv6-m\libgcc.a(bpabi.o) (__udivdi3)
c:/siliconlabs/simplicitystudio/v4/developer/toolchains/gnu_arm/4.9_2015q3/bin/../lib/gcc/arm-none-eabi/4.9.3/armv6-m\libgcc.a(_clzdi2.o)
                              c:/siliconlabs/simplicitystudio/v4/developer/toolchains/gnu_arm/4.9_2015q3/bin/../lib/gcc/arm-none-eabi/4.9.3/armv6-m\libgcc.a(_divdi3.o) (__clzdi2)
c:/siliconlabs/simplicitystudio/v4/developer/toolchains/gnu_arm/4.9_2015q3/bin/../lib/gcc/arm-none-eabi/4.9.3/../../../../arm-none-eabi/lib/armv6-m\libc_nano.a(lib_a-exit.o)
                              c:/siliconlabs/simplicitystudio/v4/developer/toolchains/gnu_arm/4.9_2015q3/bin/../lib/gcc/arm-none-eabi/4.9.3/../../../../arm-none-eabi/lib/armv6-m/crt0.o (exit)
c:/siliconlabs/simplicitystudio/v4/developer/toolchains/gnu_arm/4.9_2015q3/bin/../lib/gcc/arm-none-eabi/4.9.3/../../../../arm-none-eabi/lib/armv6-m\libc_nano.a(lib_a-impure.o)
[...]
Memory Configuration

Name             Origin             Length             Attributes
FLASH            0x00000000         0x00010000         xr
RAM              0x20000000         0x00002000         xrw
*default*        0x00000000         0xffffffff

Linker script and memory map

LOAD c:/siliconlabs/simplicitystudio/v4/developer/toolchains/gnu_arm/4.9_2015q3/bin/../lib/gcc/arm-none-eabi/4.9.3/armv6-m/crti.o
LOAD c:/siliconlabs/simplicitystudio/v4/developer/toolchains/gnu_arm/4.9_2015q3/bin/../lib/gcc/arm-none-eabi/4.9.3/armv6-m/crtbegin.o
LOAD c:/siliconlabs/simplicitystudio/v4/developer/toolchains/gnu_arm/4.9_2015q3/bin/../lib/gcc/arm-none-eabi/4.9.3/../../../../arm-none-eabi/lib/armv6-m/crt0.o
LOAD ./CMSIS/EFM32HG/startup_efm32hg.o
LOAD ./CMSIS/EFM32HG/system_efm32hg.o
LOAD ./Drivers/dmactrl.o
LOAD ./Drivers/i2cspm.o
LOAD ./Drivers/rtcdriver.o
LOAD ./emlib/em_adc.o
LOAD ./emlib/em_cmu.o
LOAD ./emlib/em_core.o
LOAD ./emlib/em_dma.o
LOAD ./emlib/em_emu.o
LOAD ./emlib/em_gpio.o
LOAD ./emlib/em_i2c.o
LOAD ./emlib/em_leuart.o
LOAD ./emlib/em_rtc.o
LOAD ./emlib/em_system.o
LOAD ./emlib/em_usart.o
LOAD ./lora/lora.o
LOAD ./lora/lpp.o
LOAD ./lora/rn2483.o
LOAD ./sensors/lis3dh.o
LOAD ./sensors/si7021.o
LOAD ./src/main.o
LOAD ./system/adc.o
LOAD ./system/buttons.o
LOAD ./system/iic.o
LOAD ./system/irq.o
LOAD ./system/led.o
LOAD ./system/leuart.o
LOAD ./system/pm.o
LOAD ./system/system.o
LOAD ./util/delay.o
LOAD ./util/util.o
LOAD c:/siliconlabs/simplicitystudio/v4/developer/toolchains/gnu_arm/4.9_2015q3/bin/../lib/gcc/arm-none-eabi/4.9.3/../../../../arm-none-eabi/lib/armv6-m\libm.a
START GROUP
LOAD c:/siliconlabs/simplicitystudio/v4/developer/toolchains/gnu_arm/4.9_2015q3/bin/../lib/gcc/arm-none-eabi/4.9.3/armv6-m\libgcc.a
LOAD c:/siliconlabs/simplicitystudio/v4/developer/toolchains/gnu_arm/4.9_2015q3/bin/../lib/gcc/arm-none-eabi/4.9.3/../../../../arm-none-eabi/lib/armv6-m\libc_nano.a
LOAD c:/siliconlabs/simplicitystudio/v4/developer/toolchains/gnu_arm/4.9_2015q3/bin/../lib/gcc/arm-none-eabi/4.9.3/../../../../arm-none-eabi/lib/armv6-m\libnosys.a
END GROUP
START GROUP
LOAD c:/siliconlabs/simplicitystudio/v4/developer/toolchains/gnu_arm/4.9_2015q3/bin/../lib/gcc/arm-none-eabi/4.9.3/armv6-m\libgcc.a
LOAD c:/siliconlabs/simplicitystudio/v4/developer/toolchains/gnu_arm/4.9_2015q3/bin/../lib/gcc/arm-none-eabi/4.9.3/../../../../arm-none-eabi/lib/armv6-m\libg_nano.a
LOAD c:/siliconlabs/simplicitystudio/v4/developer/toolchains/gnu_arm/4.9_2015q3/bin/../lib/gcc/arm-none-eabi/4.9.3/../../../../arm-none-eabi/lib/armv6-m\libc_nano.a
END GROUP
START GROUP
LOAD c:/siliconlabs/simplicitystudio/v4/developer/toolchains/gnu_arm/4.9_2015q3/bin/../lib/gcc/arm-none-eabi/4.9.3/armv6-m\libgcc.a
LOAD c:/siliconlabs/simplicitystudio/v4/developer/toolchains/gnu_arm/4.9_2015q3/bin/../lib/gcc/arm-none-eabi/4.9.3/../../../../arm-none-eabi/lib/armv6-m\libc_nano.a
END GROUP
LOAD c:/siliconlabs/simplicitystudio/v4/developer/toolchains/gnu_arm/4.9_2015q3/bin/../lib/gcc/arm-none-eabi/4.9.3/armv6-m/crtend.o
LOAD c:/siliconlabs/simplicitystudio/v4/developer/toolchains/gnu_arm/4.9_2015q3/bin/../lib/gcc/arm-none-eabi/4.9.3/armv6-m/crtn.o

.text           0x00000000     0x5a78
 *(.vectors)
 .vectors       0x00000000       0x94 ./CMSIS/EFM32HG/startup_efm32hg.o
                0x00000000                __Vectors
                0x00000094                __Vectors_End = .
                0x00000094                __Vectors_Size = (__Vectors_End - __Vectors)
                0x00000094                __end__ = .
 *(.text*)
 .text          0x00000094       0x60 c:/siliconlabs/simplicitystudio/v4/developer/toolchains/gnu_arm/4.9_2015q3/bin/../lib/gcc/arm-none-eabi/4.9.3/armv6-m/crtbegin.o
 .text          0x000000f4       0x78 c:/siliconlabs/simplicitystudio/v4/developer/toolchains/gnu_arm/4.9_2015q3/bin/../lib/gcc/arm-none-eabi/4.9.3/../../../../arm-none-eabi/lib/armv6-m/crt0.o
                0x000000f4                _start
                0x000000f4                _mainCRTStartup
 .text          0x0000016c       0x30 ./CMSIS/EFM32HG/startup_efm32hg.o
                0x0000016c                Reset_Handler
                0x00000198                USART0_TX_IRQHandler
                0x00000198                I2C0_IRQHandler
                0x00000198                HardFault_Handler
                0x00000198                SysTick_Handler
                0x00000198                USART1_RX_IRQHandler
                0x00000198                PendSV_Handler
                0x00000198                NMI_Handler
                0x00000198                USART1_TX_IRQHandler
                0x00000198                MSC_IRQHandler
                0x00000198                LEUART0_IRQHandler
                0x00000198                TIMER0_IRQHandler
                0x00000198                TIMER2_IRQHandler
                0x00000198                TIMER1_IRQHandler
                0x00000198                Default_Handler
                0x00000198                PCNT0_IRQHandler
                0x00000198                USB_IRQHandler
                0x00000198                ACMP0_IRQHandler
                0x00000198                USART0_RX_IRQHandler
                0x00000198                SVC_Handler
                0x00000198                CMU_IRQHandler
                0x00000198                AES_IRQHandler
                0x00000198                VCMP_IRQHandler
 .text.SystemCoreClockGet
                0x0000019c       0xd0 ./CMSIS/EFM32HG/system_efm32hg.o
                0x0000019c                SystemCoreClockGet
 .text.SystemMaxCoreClockGet
                0x0000026c        0x8 ./CMSIS/EFM32HG/system_efm32hg.o
                0x0000026c                SystemMaxCoreClockGet
 .text.SystemHFClockGet
                0x00000274       0xc0 ./CMSIS/EFM32HG/system_efm32hg.o
                0x00000274                SystemHFClockGet
 .text.SystemInit
                0x00000334        0x4 ./CMSIS/EFM32HG/system_efm32hg.o
                0x00000334                SystemInit
 .text.SystemLFRCOClockGet
                0x00000338        0x8 ./CMSIS/EFM32HG/system_efm32hg.o
                0x00000338                SystemLFRCOClockGet
 .text.SystemULFRCOClockGet
                0x00000340        0x8 ./CMSIS/EFM32HG/system_efm32hg.o
                0x00000340                SystemULFRCOClockGet
 .text.SystemLFXOClockGet
                0x00000348        0xc ./CMSIS/EFM32HG/system_efm32hg.o
                0x00000348                SystemLFXOClockGet
 .text.I2CSPM_Init
                0x00000354      0x11c ./Drivers/i2cspm.o
                0x00000354                I2CSPM_Init
 .text.I2CSPM_Transfer
                0x00000470       0x28 ./Drivers/i2cspm.o
                0x00000470                I2CSPM_Transfer
 .text.checkAllTimers
                0x00000498       0xc0 ./Drivers/rtcdriver.o
 .text.RTCDRV_AllocateTimer
                0x00000558       0x64 ./Drivers/rtcdriver.o
                0x00000558                RTCDRV_AllocateTimer
 .text.RTCDRV_Init
                0x000005bc       0x98 ./Drivers/rtcdriver.o
                0x000005bc                RTCDRV_Init
 .text.RTCDRV_StartTimer
                0x00000654      0x30c ./Drivers/rtcdriver.o
                0x00000654                RTCDRV_StartTimer
 .text.RTC_IRQHandler
                0x00000960      0x1f0 ./Drivers/rtcdriver.o
                0x00000960                RTC_IRQHandler
 .text.ADC_Init
                0x00000b50       0x88 ./emlib/em_adc.o
                0x00000b50                ADC_Init
 .text.ADC_InitSingle
                0x00000bd8       0xc4 ./emlib/em_adc.o
                0x00000bd8                ADC_InitSingle
 .text.CMU_ClockDivSet
                0x00000c9c      0x188 ./emlib/em_cmu.o
                0x00000c9c                CMU_ClockDivSet
 .text.CMU_ClockEnable
                0x00000e24       0x88 ./emlib/em_cmu.o
                0x00000e24                CMU_ClockEnable
 .text.CMU_ClockSelectGet
                0x00000eac       0xe8 ./emlib/em_cmu.o
                0x00000eac                CMU_ClockSelectGet
 .text.CMU_ClockFreqGet
                0x00000f94      0x274 ./emlib/em_cmu.o
                0x00000f94                CMU_ClockFreqGet
 .text.CMU_ClockSelectSet
                0x00001208      0x244 ./emlib/em_cmu.o
                0x00001208                CMU_ClockSelectSet
 .text.CORE_EnterCritical
                0x0000144c        0x8 ./emlib/em_core.o
                0x0000144c                CORE_EnterCritical
 .text.CORE_ExitCritical
                0x00001454        0x8 ./emlib/em_core.o
                0x00001454                CORE_ExitCritical
 .text.CORE_EnterAtomic
                0x0000145c        0x8 ./emlib/em_core.o
                0x0000145c                CORE_EnterAtomic
 .text.CORE_ExitAtomic
                0x00001464        0x8 ./emlib/em_core.o
                0x00001464                CORE_ExitAtomic
 .text.DMA_IRQHandler
                0x0000146c       0x94 ./emlib/em_dma.o
                0x0000146c                DMA_IRQHandler
 .text.DMA_ActivateBasic
                0x00001500       0x98 ./emlib/em_dma.o
                0x00001500                DMA_ActivateBasic
 .text.DMA_CfgChannel
                0x00001598       0x64 ./emlib/em_dma.o
                0x00001598                DMA_CfgChannel
 .text.DMA_CfgDescr
                0x000015fc       0x3c ./emlib/em_dma.o
                0x000015fc                DMA_CfgDescr
 .text.DMA_ChannelEnabled
                0x00001638       0x14 ./emlib/em_dma.o
                0x00001638                DMA_ChannelEnabled
 .text.DMA_Init
                0x0000164c       0x94 ./emlib/em_dma.o
                0x0000164c                DMA_Init
 .text.EMU_EnterEM2
                0x000016e0       0xdc ./emlib/em_emu.o
                0x000016e0                EMU_EnterEM2
 .text.GPIO_ExtIntConfig
                0x000017bc       0x7c ./emlib/em_gpio.o
                0x000017bc                GPIO_ExtIntConfig
 .text.GPIO_PinModeSet
                0x00001838       0xb8 ./emlib/em_gpio.o
                0x00001838                GPIO_PinModeSet
 .text.I2C_Init
                0x000018f0       0x8c ./emlib/em_i2c.o
                0x000018f0                I2C_Init
 .text.I2C_Transfer
                0x0000197c      0x2e4 ./emlib/em_i2c.o
                0x0000197c                I2C_Transfer
 .text.I2C_TransferInit
                0x00001c60      0x338 ./emlib/em_i2c.o
                0x00001c60                I2C_TransferInit
 .text.LEUART_Enable
                0x00001f98       0x1c ./emlib/em_leuart.o
                0x00001f98                LEUART_Enable
 .text.LEUART_Init
                0x00001fb4       0x84 ./emlib/em_leuart.o
                0x00001fb4                LEUART_Init
 .text.LEUART_RxDmaInEM2Enable
                0x00002038       0x54 ./emlib/em_leuart.o
                0x00002038                LEUART_RxDmaInEM2Enable
 .text.RTC_CompareGet
                0x0000208c       0x1c ./emlib/em_rtc.o
                0x0000208c                RTC_CompareGet
 .text.RTC_CompareSet
                0x000020a8       0x1c ./emlib/em_rtc.o
                0x000020a8                RTC_CompareSet
 .text.RTC_Init
                0x000020c4       0x20 ./emlib/em_rtc.o
                0x000020c4                RTC_Init
 .text.RTC_CounterReset
                0x000020e4       0x18 ./emlib/em_rtc.o
                0x000020e4                RTC_CounterReset
 .text.LoRa_Init
                0x000020fc       0x74 ./lora/lora.o
                0x000020fc                LoRa_Init
 .text.LoRa_SendLppBuffer
                0x00002170       0x2c ./lora/lora.o
                0x00002170                LoRa_SendLppBuffer
 .text.LoRa_Sleep
                0x0000219c       0x10 ./lora/lora.o
                0x0000219c                LoRa_Sleep
 .text.LPP_InitBuffer
                0x000021ac       0x2c ./lora/lpp.o
                0x000021ac                LPP_InitBuffer
 .text.LPP_AddAnalog
                0x000021d8       0x40 ./lora/lpp.o
                0x000021d8                LPP_AddAnalog
 .text.LPP_AddTemperature
                0x00002218       0x44 ./lora/lpp.o
                0x00002218                LPP_AddTemperature
 .text.LPP_AddHumidity
                0x0000225c       0x38 ./lora/lpp.o
                0x0000225c                LPP_AddHumidity
 .text.RN2483_Init
                0x00002294       0x58 ./lora/rn2483.o
                0x00002294                RN2483_Init
 .text.RN2483_Sleep
                0x000022ec       0x30 ./lora/rn2483.o
                0x000022ec                RN2483_Sleep
 .text.RN2483_SetupOTAA
                0x0000231c      0x2a0 ./lora/rn2483.o
                0x0000231c                RN2483_SetupOTAA
 .text.RN2483_SetupABP
                0x000025bc      0x1f8 ./lora/rn2483.o
                0x000025bc                RN2483_SetupABP
 .text.RN2483_TransmitProcessCommand
                0x000027b4      0x1bc ./lora/rn2483.o
                0x000027b4                RN2483_TransmitProcessCommand
 .text.RN2483_TransmitUnconfirmed
                0x00002970       0x40 ./lora/rn2483.o
                0x00002970                RN2483_TransmitUnconfirmed
 .text.Si7021_Detect
                0x000029b0       0x38 ./sensors/si7021.o
                0x000029b0                Si7021_Detect
 .text.Si7021_MeasureRHAndTemp
                0x000029e8       0x8c ./sensors/si7021.o
                0x000029e8                Si7021_MeasureRHAndTemp
 .text.PB0_Pressed
                0x00002a74       0x14 ./src/main.o
                0x00002a74                PB0_Pressed
 .text.LED_ERROR
                0x00002a88       0x10 ./src/main.o
                0x00002a88                LED_ERROR
 .text.startup.main
                0x00002a98      0x124 ./src/main.o
                0x00002a98                main
 .text.ADC_Init_All
                0x00002bbc       0x78 ./system/adc.o
                0x00002bbc                ADC_Init_All
 .text.ADC_Get_Measurement
                0x00002c34       0x44 ./system/adc.o
                0x00002c34                ADC_Get_Measurement
 .text.ADC0_IRQHandler
                0x00002c78       0x18 ./system/adc.o
                0x00002c78                ADC0_IRQHandler
 .text.Buttons_Init
                0x00002c90       0x64 ./system/buttons.o
                0x00002c90                Buttons_Init
 .text.Buttons_AttachInterrupt
                0x00002cf4       0x1c ./system/buttons.o
                0x00002cf4                Buttons_AttachInterrupt
 .text.IIC_Init
                0x00002d10       0x10 ./system/iic.o
                0x00002d10                IIC_Init
 .text.IIC_WriteReadBuffer
                0x00002d20       0x38 ./system/iic.o
                0x00002d20                IIC_WriteReadBuffer
 .text.IRQ_Init
                0x00002d58       0x14 ./system/irq.o
                0x00002d58                IRQ_Init
 .text.IRQ_AttachInterrupt
                0x00002d6c        0xc ./system/irq.o
                0x00002d6c                IRQ_AttachInterrupt
 .text.GPIO_ODD_IRQHandler
                0x00002d78       0x30 ./system/irq.o
                0x00002d78                GPIO_ODD_IRQHandler
 .text.GPIO_EVEN_IRQHandler
                0x00002da8       0x30 ./system/irq.o
                0x00002da8                GPIO_EVEN_IRQHandler
 .text.LED_Init
                0x00002dd8       0x10 ./system/led.o
                0x00002dd8                LED_Init
 .text.LED_Toggle
                0x00002de8        0xc ./system/led.o
                0x00002de8                LED_Toggle
 .text.basicTxComplete
                0x00002df4       0x24 ./system/leuart.o
 .text.basicRxComplete
                0x00002e18       0x5c ./system/leuart.o
 .text.setupDma
                0x00002e74       0x9c ./system/leuart.o
                0x00002e74                setupDma
 .text.sendLeuartData
                0x00002f10       0x34 ./system/leuart.o
                0x00002f10                sendLeuartData
 .text.setupLeuart
                0x00002f44       0xb4 ./system/leuart.o
                0x00002f44                setupLeuart
 .text.Leuart_Init
                0x00002ff8       0x3c ./system/leuart.o
                0x00002ff8                Leuart_Init
 .text.Leuart_SendCommand
                0x00003034       0x68 ./system/leuart.o
                0x00003034                Leuart_SendCommand
 .text.Leuart_WaitForResponse
                0x0000309c       0x54 ./system/leuart.o
                0x0000309c                Leuart_WaitForResponse
 .text.PM_Init  0x000030f0       0x28 ./system/pm.o
                0x000030f0                PM_Init
 .text.PM_Enable
                0x00003118       0x44 ./system/pm.o
                0x00003118                PM_Enable
 .text.PM_Disable
                0x0000315c       0x44 ./system/pm.o
                0x0000315c                PM_Disable
 .text.System_Init
                0x000031a0       0x5c ./system/system.o
                0x000031a0                System_Init
 .text.Delay_Init
                0x000031fc       0x14 ./util/delay.o
                0x000031fc                Delay_Init
 .text.DelayMs  0x00003210       0x24 ./util/delay.o
                0x00003210                DelayMs
 .text.StringStartsWith
                0x00003234       0x28 ./util/util.o
                0x00003234                StringStartsWith
 .text.HexToString
                0x0000325c       0x7c ./util/util.o
                0x0000325c                HexToString
 .text.round    0x000032d8       0xac c:/siliconlabs/simplicitystudio/v4/developer/toolchains/gnu_arm/4.9_2015q3/bin/../lib/gcc/arm-none-eabi/4.9.3/../../../../arm-none-eabi/lib/armv6-m\libm.a(lib_a-s_round.o)
                0x000032d8                round
 .text          0x00003384      0x120 c:/siliconlabs/simplicitystudio/v4/developer/toolchains/gnu_arm/4.9_2015q3/bin/../lib/gcc/arm-none-eabi/4.9.3/armv6-m\libgcc.a(_udivsi3.o)
                0x00003384                __aeabi_uidiv
                0x00003384                __udivsi3
                0x00003490                __aeabi_uidivmod
 .text          0x000034a4      0x1e0 c:/siliconlabs/simplicitystudio/v4/developer/toolchains/gnu_arm/4.9_2015q3/bin/../lib/gcc/arm-none-eabi/4.9.3/armv6-m\libgcc.a(_divsi3.o)
                0x000034a4                __divsi3
                0x000034a4                __aeabi_idiv
                0x00003670                __aeabi_idivmod
 .text          0x00003684        0x4 c:/siliconlabs/simplicitystudio/v4/developer/toolchains/gnu_arm/4.9_2015q3/bin/../lib/gcc/arm-none-eabi/4.9.3/armv6-m\libgcc.a(_dvmd_tls.o)
                0x00003684                __aeabi_idiv0
                0x00003684                __aeabi_ldiv0
 .text          0x00003688       0x3c c:/siliconlabs/simplicitystudio/v4/developer/toolchains/gnu_arm/4.9_2015q3/bin/../lib/gcc/arm-none-eabi/4.9.3/armv6-m\libgcc.a(_clzsi2.o)
                0x00003688                __clzsi2
 .text          0x000036c4       0x40 c:/siliconlabs/simplicitystudio/v4/developer/toolchains/gnu_arm/4.9_2015q3/bin/../lib/gcc/arm-none-eabi/4.9.3/armv6-m\libgcc.a(_aeabi_uldivmod.o)
                0x000036c4                __aeabi_uldivmod
 .text          0x00003704       0x54 c:/siliconlabs/simplicitystudio/v4/developer/toolchains/gnu_arm/4.9_2015q3/bin/../lib/gcc/arm-none-eabi/4.9.3/armv6-m\libgcc.a(_muldi3.o)
                0x00003704                __muldi3
                0x00003704                __aeabi_lmul
 .text          0x00003758       0x6c c:/siliconlabs/simplicitystudio/v4/developer/toolchains/gnu_arm/4.9_2015q3/bin/../lib/gcc/arm-none-eabi/4.9.3/armv6-m\libgcc.a(bpabi.o)
                0x00003758                __gnu_ldivmod_helper
                0x00003790                __gnu_uldivmod_helper
 .text          0x000037c4      0x270 c:/siliconlabs/simplicitystudio/v4/developer/toolchains/gnu_arm/4.9_2015q3/bin/../lib/gcc/arm-none-eabi/4.9.3/armv6-m\libgcc.a(divsf3.o)
                0x000037c4                __aeabi_fdiv
 .text          0x00003a34       0x90 c:/siliconlabs/simplicitystudio/v4/developer/toolchains/gnu_arm/4.9_2015q3/bin/../lib/gcc/arm-none-eabi/4.9.3/armv6-m\libgcc.a(floatsisf.o)
                0x00003a34                __aeabi_i2f
 .text          0x00003ac4       0x90 c:/siliconlabs/simplicitystudio/v4/developer/toolchains/gnu_arm/4.9_2015q3/bin/../lib/gcc/arm-none-eabi/4.9.3/armv6-m\libgcc.a(floatunsisf.o)
                0x00003ac4                __aeabi_ui2f
 .text          0x00003b54      0x650 c:/siliconlabs/simplicitystudio/v4/developer/toolchains/gnu_arm/4.9_2015q3/bin/../lib/gcc/arm-none-eabi/4.9.3/armv6-m\libgcc.a(adddf3.o)
                0x00003b54                __aeabi_dadd
 .text          0x000041a4      0x534 c:/siliconlabs/simplicitystudio/v4/developer/toolchains/gnu_arm/4.9_2015q3/bin/../lib/gcc/arm-none-eabi/4.9.3/armv6-m\libgcc.a(muldf3.o)
                0x000041a4                __aeabi_dmul
 .text          0x000046d8       0x6c c:/siliconlabs/simplicitystudio/v4/developer/toolchains/gnu_arm/4.9_2015q3/bin/../lib/gcc/arm-none-eabi/4.9.3/armv6-m\libgcc.a(fixdfsi.o)
                0x000046d8                __aeabi_d2iz
 .text          0x00004744       0xa8 c:/siliconlabs/simplicitystudio/v4/developer/toolchains/gnu_arm/4.9_2015q3/bin/../lib/gcc/arm-none-eabi/4.9.3/armv6-m\libgcc.a(extendsfdf2.o)
                0x00004744                __aeabi_f2d
 .text          0x000047ec      0x1f0 c:/siliconlabs/simplicitystudio/v4/developer/toolchains/gnu_arm/4.9_2015q3/bin/../lib/gcc/arm-none-eabi/4.9.3/armv6-m\libgcc.a(_divdi3.o)
                0x000047ec                __divdi3
 .text          0x000049dc      0x158 c:/siliconlabs/simplicitystudio/v4/developer/toolchains/gnu_arm/4.9_2015q3/bin/../lib/gcc/arm-none-eabi/4.9.3/armv6-m\libgcc.a(_udivdi3.o)
                0x000049dc                __udivdi3
 .text          0x00004b34       0x18 c:/siliconlabs/simplicitystudio/v4/developer/toolchains/gnu_arm/4.9_2015q3/bin/../lib/gcc/arm-none-eabi/4.9.3/armv6-m\libgcc.a(_clzdi2.o)
                0x00004b34                __clzdi2
 .text.exit     0x00004b4c       0x2c c:/siliconlabs/simplicitystudio/v4/developer/toolchains/gnu_arm/4.9_2015q3/bin/../lib/gcc/arm-none-eabi/4.9.3/../../../../arm-none-eabi/lib/armv6-m\libc_nano.a(lib_a-exit.o)
                0x00004b4c                exit
 .text.__libc_init_array
                0x00004b78       0x4c c:/siliconlabs/simplicitystudio/v4/developer/toolchains/gnu_arm/4.9_2015q3/bin/../lib/gcc/arm-none-eabi/4.9.3/../../../../arm-none-eabi/lib/armv6-m\libc_nano.a(lib_a-init.o)
                0x00004b78                __libc_init_array
 .text.malloc   0x00004bc4       0x14 c:/siliconlabs/simplicitystudio/v4/developer/toolchains/gnu_arm/4.9_2015q3/bin/../lib/gcc/arm-none-eabi/4.9.3/../../../../arm-none-eabi/lib/armv6-m\libc_nano.a(lib_a-malloc.o)
                0x00004bc4                malloc
 .text.free     0x00004bd8       0x14 c:/siliconlabs/simplicitystudio/v4/developer/toolchains/gnu_arm/4.9_2015q3/bin/../lib/gcc/arm-none-eabi/4.9.3/../../../../arm-none-eabi/lib/armv6-m\libc_nano.a(lib_a-malloc.o)
                0x00004bd8                free
 .text.memcpy   0x00004bec       0x12 c:/siliconlabs/simplicitystudio/v4/developer/toolchains/gnu_arm/4.9_2015q3/bin/../lib/gcc/arm-none-eabi/4.9.3/../../../../arm-none-eabi/lib/armv6-m\libc_nano.a(lib_a-memcpy.o)
                0x00004bec                memcpy
 .text.memset   0x00004bfe       0x10 c:/siliconlabs/simplicitystudio/v4/developer/toolchains/gnu_arm/4.9_2015q3/bin/../lib/gcc/arm-none-eabi/4.9.3/../../../../arm-none-eabi/lib/armv6-m\libc_nano.a(lib_a-memset.o)
                0x00004bfe                memset
 *fill*         0x00004c0e        0x2 
 .text._free_r  0x00004c10       0x8c c:/siliconlabs/simplicitystudio/v4/developer/toolchains/gnu_arm/4.9_2015q3/bin/../lib/gcc/arm-none-eabi/4.9.3/../../../../arm-none-eabi/lib/armv6-m\libc_nano.a(lib_a-nano-freer.o)
                0x00004c10                _free_r
 .text._malloc_r
                0x00004c9c       0xb0 c:/siliconlabs/simplicitystudio/v4/developer/toolchains/gnu_arm/4.9_2015q3/bin/../lib/gcc/arm-none-eabi/4.9.3/../../../../arm-none-eabi/lib/armv6-m\libc_nano.a(lib_a-nano-mallocr.o)
                0x00004c9c                _malloc_r
 .text.rand     0x00004d4c       0x78 c:/siliconlabs/simplicitystudio/v4/developer/toolchains/gnu_arm/4.9_2015q3/bin/../lib/gcc/arm-none-eabi/4.9.3/../../../../arm-none-eabi/lib/armv6-m\libc_nano.a(lib_a-rand.o)
                0x00004d4c                rand
 .text._sbrk_r  0x00004dc4       0x24 c:/siliconlabs/simplicitystudio/v4/developer/toolchains/gnu_arm/4.9_2015q3/bin/../lib/gcc/arm-none-eabi/4.9.3/../../../../arm-none-eabi/lib/armv6-m\libc_nano.a(lib_a-sbrkr.o)
                0x00004dc4                _sbrk_r
 .text.sprintf  0x00004de8       0x44 c:/siliconlabs/simplicitystudio/v4/developer/toolchains/gnu_arm/4.9_2015q3/bin/../lib/gcc/arm-none-eabi/4.9.3/../../../../arm-none-eabi/lib/armv6-m\libc_nano.a(lib_a-sprintf.o)
                0x00004de8                siprintf
                0x00004de8                sprintf
 .text.strcpy   0x00004e2c       0x10 c:/siliconlabs/simplicitystudio/v4/developer/toolchains/gnu_arm/4.9_2015q3/bin/../lib/gcc/arm-none-eabi/4.9.3/../../../../arm-none-eabi/lib/armv6-m\libc_nano.a(lib_a-strcpy.o)
                0x00004e2c                strcpy
 .text.strlen   0x00004e3c        0xe c:/siliconlabs/simplicitystudio/v4/developer/toolchains/gnu_arm/4.9_2015q3/bin/../lib/gcc/arm-none-eabi/4.9.3/../../../../arm-none-eabi/lib/armv6-m\libc_nano.a(lib_a-strlen.o)
                0x00004e3c                strlen
 *fill*         0x00004e4a        0x2 
 .text.__ssputs_r
                0x00004e4c       0xc0 c:/siliconlabs/simplicitystudio/v4/developer/toolchains/gnu_arm/4.9_2015q3/bin/../lib/gcc/arm-none-eabi/4.9.3/../../../../arm-none-eabi/lib/armv6-m\libc_nano.a(lib_a-nano-svfprintf.o)
                0x00004e4c                __ssputs_r
 .text._svfprintf_r
                0x00004f0c      0x1ec c:/siliconlabs/simplicitystudio/v4/developer/toolchains/gnu_arm/4.9_2015q3/bin/../lib/gcc/arm-none-eabi/4.9.3/../../../../arm-none-eabi/lib/armv6-m\libc_nano.a(lib_a-nano-svfprintf.o)
                0x00004f0c                _svfiprintf_r
                0x00004f0c                _svfprintf_r
 .text._printf_common
                0x000050f8       0xdc c:/siliconlabs/simplicitystudio/v4/developer/toolchains/gnu_arm/4.9_2015q3/bin/../lib/gcc/arm-none-eabi/4.9.3/../../../../arm-none-eabi/lib/armv6-m\libc_nano.a(lib_a-nano-vfprintf_i.o)
                0x000050f8                _printf_common
 .text._printf_i
                0x000051d4      0x230 c:/siliconlabs/simplicitystudio/v4/developer/toolchains/gnu_arm/4.9_2015q3/bin/../lib/gcc/arm-none-eabi/4.9.3/../../../../arm-none-eabi/lib/armv6-m\libc_nano.a(lib_a-nano-vfprintf_i.o)
                0x000051d4                _printf_i
 .text.memchr   0x00005404       0x16 c:/siliconlabs/simplicitystudio/v4/developer/toolchains/gnu_arm/4.9_2015q3/bin/../lib/gcc/arm-none-eabi/4.9.3/../../../../arm-none-eabi/lib/armv6-m\libc_nano.a(lib_a-memchr.o)
                0x00005404                memchr
 .text.memmove  0x0000541a       0x28 c:/siliconlabs/simplicitystudio/v4/developer/toolchains/gnu_arm/4.9_2015q3/bin/../lib/gcc/arm-none-eabi/4.9.3/../../../../arm-none-eabi/lib/armv6-m\libc_nano.a(lib_a-memmove.o)
                0x0000541a                memmove
 .text._realloc_r
                0x00005442       0x4c c:/siliconlabs/simplicitystudio/v4/developer/toolchains/gnu_arm/4.9_2015q3/bin/../lib/gcc/arm-none-eabi/4.9.3/../../../../arm-none-eabi/lib/armv6-m\libc_nano.a(lib_a-nano-reallocr.o)
                0x00005442                _realloc_r
 .text._malloc_usable_size_r
                0x0000548e       0x16 c:/siliconlabs/simplicitystudio/v4/developer/toolchains/gnu_arm/4.9_2015q3/bin/../lib/gcc/arm-none-eabi/4.9.3/../../../../arm-none-eabi/lib/armv6-m\libc_nano.a(lib_a-nano-msizer.o)
                0x0000548e                _malloc_usable_size_r
 .text._sbrk    0x000054a4       0x1c c:/siliconlabs/simplicitystudio/v4/developer/toolchains/gnu_arm/4.9_2015q3/bin/../lib/gcc/arm-none-eabi/4.9.3/../../../../arm-none-eabi/lib/armv6-m\libnosys.a(sbrk.o)
                0x000054a4                _sbrk
 .text._exit    0x000054c0        0x4 c:/siliconlabs/simplicitystudio/v4/developer/toolchains/gnu_arm/4.9_2015q3/bin/../lib/gcc/arm-none-eabi/4.9.3/../../../../arm-none-eabi/lib/armv6-m\libnosys.a(_exit.o)
                0x000054c0                _exit
 *(.init)
 .init          0x000054c4        0x4 c:/siliconlabs/simplicitystudio/v4/developer/toolchains/gnu_arm/4.9_2015q3/bin/../lib/gcc/arm-none-eabi/4.9.3/armv6-m/crti.o
                0x000054c4                _init
 .init          0x000054c8        0x8 c:/siliconlabs/simplicitystudio/v4/developer/toolchains/gnu_arm/4.9_2015q3/bin/../lib/gcc/arm-none-eabi/4.9.3/armv6-m/crtn.o
 *(.fini)
 .fini          0x000054d0        0x4 c:/siliconlabs/simplicitystudio/v4/developer/toolchains/gnu_arm/4.9_2015q3/bin/../lib/gcc/arm-none-eabi/4.9.3/armv6-m/crti.o
                0x000054d0                _fini
 .fini          0x000054d4        0x8 c:/siliconlabs/simplicitystudio/v4/developer/toolchains/gnu_arm/4.9_2015q3/bin/../lib/gcc/arm-none-eabi/4.9.3/armv6-m/crtn.o
 *fill*         0x000054dc        0x4 
 .fini.__stub   0x000054e0       0x10 linker stubs
 *crtbegin.o(.ctors)
 *crtbegin?.o(.ctors)
 *(EXCLUDE_FILE(*crtend.o *crtend?.o) .ctors)
 *(SORT(.ctors.*))
 *(.ctors)
 *crtbegin.o(.dtors)
 *crtbegin?.o(.dtors)
 *(EXCLUDE_FILE(*crtend.o *crtend?.o) .dtors)
 *(SORT(.dtors.*))
 *(.dtors)
 *(.rodata*)
 .rodata.initRTC
                0x000054f0        0x3 ./Drivers/rtcdriver.o
 *fill*         0x000054f3        0x1 
 .rodata.ADC_InitSingle
                0x000054f4       0x1c ./emlib/em_adc.o
 .rodata.CMU_ClockDivSet
                0x00005510       0x20 ./emlib/em_cmu.o
 .rodata.CMU_ClockEnable
                0x00005530       0x2c ./emlib/em_cmu.o
 .rodata.CMU_ClockSelectGet
                0x0000555c       0x20 ./emlib/em_cmu.o
 .rodata.CMU_ClockSelectSet
                0x0000557c       0x84 ./emlib/em_cmu.o
 .rodata.I2C_Transfer
                0x00005600       0x24 ./emlib/em_i2c.o
 .rodata.I2C_TransferInit
                0x00005624       0x24 ./emlib/em_i2c.o
 .rodata.i2cNSum
                0x00005648        0x4 ./emlib/em_i2c.o
 .rodata.str1.4
                0x0000564c      0x272 ./lora/rn2483.o
 *fill*         0x000058be        0x2 
 .rodata        0x000058c0        0x2 ./sensors/si7021.o
 *fill*         0x000058c2        0x2 
 .rodata        0x000058c4       0x8f ./src/main.o
 *fill*         0x00005953        0x1 
 .rodata        0x00005954       0x10 ./system/leuart.o
 .rodata.str1.4
                0x00005964       0x14 ./util/util.o
                                 0x11 (size before relaxing)
 .rodata        0x00005978       0x80 c:/siliconlabs/simplicitystudio/v4/developer/toolchains/gnu_arm/4.9_2015q3/bin/../lib/gcc/arm-none-eabi/4.9.3/armv6-m\libgcc.a(divsf3.o)
 .rodata        0x000059f8       0x40 c:/siliconlabs/simplicitystudio/v4/developer/toolchains/gnu_arm/4.9_2015q3/bin/../lib/gcc/arm-none-eabi/4.9.3/armv6-m\libgcc.a(muldf3.o)
 .rodata.str1.1
                0x00005a38        0x2 c:/siliconlabs/simplicitystudio/v4/developer/toolchains/gnu_arm/4.9_2015q3/bin/../lib/gcc/arm-none-eabi/4.9.3/../../../../arm-none-eabi/lib/armv6-m\libc_nano.a(lib_a-impure.o)
 *fill*         0x00005a3a        0x2 
 .rodata._global_impure_ptr
                0x00005a3c        0x4 c:/siliconlabs/simplicitystudio/v4/developer/toolchains/gnu_arm/4.9_2015q3/bin/../lib/gcc/arm-none-eabi/4.9.3/../../../../arm-none-eabi/lib/armv6-m\libc_nano.a(lib_a-impure.o)
                0x00005a3c                _global_impure_ptr
 .rodata.str1.1
                0x00005a40       0x11 c:/siliconlabs/simplicitystudio/v4/developer/toolchains/gnu_arm/4.9_2015q3/bin/../lib/gcc/arm-none-eabi/4.9.3/../../../../arm-none-eabi/lib/armv6-m\libc_nano.a(lib_a-nano-svfprintf.o)
 .rodata.str1.1
                0x00005a51       0x22 c:/siliconlabs/simplicitystudio/v4/developer/toolchains/gnu_arm/4.9_2015q3/bin/../lib/gcc/arm-none-eabi/4.9.3/../../../../arm-none-eabi/lib/armv6-m\libc_nano.a(lib_a-nano-vfprintf_i.o)
 *(.eh_frame*)
 *fill*         0x00005a73        0x1 
 .eh_frame      0x00005a74        0x0 c:/siliconlabs/simplicitystudio/v4/developer/toolchains/gnu_arm/4.9_2015q3/bin/../lib/gcc/arm-none-eabi/4.9.3/armv6-m/crtbegin.o
 .eh_frame      0x00005a74        0x4 c:/siliconlabs/simplicitystudio/v4/developer/toolchains/gnu_arm/4.9_2015q3/bin/../lib/gcc/arm-none-eabi/4.9.3/armv6-m/crtend.o

.glue_7         0x00005a78        0x0
 .glue_7        0x00000000        0x0 linker stubs

.glue_7t        0x00005a78        0x0
 .glue_7t       0x00000000        0x0 linker stubs

.vfp11_veneer   0x00005a78        0x0
 .vfp11_veneer  0x00000000        0x0 linker stubs

.v4_bx          0x00005a78        0x0
 .v4_bx         0x00000000        0x0 linker stubs

.iplt           0x00005a78        0x0
 .iplt          0x00000000        0x0 c:/siliconlabs/simplicitystudio/v4/developer/toolchains/gnu_arm/4.9_2015q3/bin/../lib/gcc/arm-none-eabi/4.9.3/armv6-m/crtbegin.o

.ARM.extab
 *(.ARM.extab* .gnu.linkonce.armextab.*)
                0x00005a78                __exidx_start = .

.ARM.exidx      0x00005a78        0x8
 *(.ARM.exidx* .gnu.linkonce.armexidx.*)
 .ARM.exidx     0x00005a78        0x8 c:/siliconlabs/simplicitystudio/v4/developer/toolchains/gnu_arm/4.9_2015q3/bin/../lib/gcc/arm-none-eabi/4.9.3/../../../../arm-none-eabi/lib/armv6-m/crt0.o
 .ARM.exidx     0x00005a80        0x0 c:/siliconlabs/simplicitystudio/v4/developer/toolchains/gnu_arm/4.9_2015q3/bin/../lib/gcc/arm-none-eabi/4.9.3/armv6-m\libgcc.a(_divdi3.o)
                                  0x8 (size before relaxing)
 .ARM.exidx     0x00005a80        0x0 c:/siliconlabs/simplicitystudio/v4/developer/toolchains/gnu_arm/4.9_2015q3/bin/../lib/gcc/arm-none-eabi/4.9.3/armv6-m\libgcc.a(_udivdi3.o)
                                  0x8 (size before relaxing)
                0x00005a80                __exidx_end = .
                0x00005a80                __etext = .

.rel.dyn        0x00005a80        0x0
 .rel.iplt      0x00000000        0x0 c:/siliconlabs/simplicitystudio/v4/developer/toolchains/gnu_arm/4.9_2015q3/bin/../lib/gcc/arm-none-eabi/4.9.3/armv6-m/crtbegin.o

.data           0x20000000       0xa0 load address 0x00005a80
                0x20000000                __data_start__ = .
 *(vtable)
 *(.data*)
 .data.SystemLFXOClock
                0x20000000        0x4 ./CMSIS/EFM32HG/system_efm32hg.o
 .data.SystemHFXOClock
                0x20000004        0x4 ./CMSIS/EFM32HG/system_efm32hg.o
 .data.SystemCoreClock
                0x20000008        0x4 ./CMSIS/EFM32HG/system_efm32hg.o
                0x20000008                SystemCoreClock
 .data.ushfrcoFreq
                0x2000000c        0x4 ./emlib/em_cmu.o
 .data.i2cInit  0x20000010       0x18 ./system/iic.o
                0x20000010                i2cInit
 .data.impure_data
                0x20000028       0x60 c:/siliconlabs/simplicitystudio/v4/developer/toolchains/gnu_arm/4.9_2015q3/bin/../lib/gcc/arm-none-eabi/4.9.3/../../../../arm-none-eabi/lib/armv6-m\libc_nano.a(lib_a-impure.o)
 .data._impure_ptr
                0x20000088        0x4 c:/siliconlabs/simplicitystudio/v4/developer/toolchains/gnu_arm/4.9_2015q3/bin/../lib/gcc/arm-none-eabi/4.9.3/../../../../arm-none-eabi/lib/armv6-m\libc_nano.a(lib_a-impure.o)
                0x20000088                _impure_ptr
                0x2000008c                . = ALIGN (0x4)
 *(.ram)
 .ram           0x2000008c        0x8 ./emlib/em_emu.o
                0x20000094                . = ALIGN (0x4)
                0x20000094                PROVIDE (__preinit_array_start, .)
 *(.preinit_array)
                0x20000094                PROVIDE (__preinit_array_end, .)
                0x20000094                . = ALIGN (0x4)
                0x20000094                PROVIDE (__init_array_start, .)
 *(SORT(.init_array.*))
 *(.init_array)
 .init_array    0x20000094        0x4 c:/siliconlabs/simplicitystudio/v4/developer/toolchains/gnu_arm/4.9_2015q3/bin/../lib/gcc/arm-none-eabi/4.9.3/armv6-m/crtbegin.o
                0x20000098                PROVIDE (__init_array_end, .)
                0x20000098                . = ALIGN (0x4)
                0x20000098                PROVIDE (__fini_array_start, .)
 *(SORT(.fini_array.*))
 *(.fini_array)
 .fini_array    0x20000098        0x4 c:/siliconlabs/simplicitystudio/v4/developer/toolchains/gnu_arm/4.9_2015q3/bin/../lib/gcc/arm-none-eabi/4.9.3/armv6-m/crtbegin.o
                0x2000009c                PROVIDE (__fini_array_end, .)
 *(.jcr*)
 .jcr           0x2000009c        0x0 c:/siliconlabs/simplicitystudio/v4/developer/toolchains/gnu_arm/4.9_2015q3/bin/../lib/gcc/arm-none-eabi/4.9.3/armv6-m/crtbegin.o
 .jcr           0x2000009c        0x4 c:/siliconlabs/simplicitystudio/v4/developer/toolchains/gnu_arm/4.9_2015q3/bin/../lib/gcc/arm-none-eabi/4.9.3/armv6-m/crtend.o
                0x200000a0                . = ALIGN (0x4)
                0x200000a0                __data_end__ = .

.igot.plt       0x200000a0        0x0 load address 0x00005b20
 .igot.plt      0x00000000        0x0 c:/siliconlabs/simplicitystudio/v4/developer/toolchains/gnu_arm/4.9_2015q3/bin/../lib/gcc/arm-none-eabi/4.9.3/armv6-m/crtbegin.o

.bss            0x20000100      0x4ac load address 0x00005c00
                0x20000100                . = ALIGN (0x4)
                0x20000100                __bss_start__ = .
 *(.bss*)
 .bss           0x20000100       0x1c c:/siliconlabs/simplicitystudio/v4/developer/toolchains/gnu_arm/4.9_2015q3/bin/../lib/gcc/arm-none-eabi/4.9.3/armv6-m/crtbegin.o
 .bss.rtcRunning
                0x2000011c        0x1 ./Drivers/rtcdriver.o
 .bss.rtcdrvIsInitialized
                0x2000011d        0x1 ./Drivers/rtcdriver.o
 .bss.inTimerIRQ
                0x2000011e        0x1 ./Drivers/rtcdriver.o
 *fill*         0x2000011f        0x1 
 .bss.timer     0x20000120       0xa0 ./Drivers/rtcdriver.o
 .bss.startTimerNestingLevel
                0x200001c0        0x4 ./Drivers/rtcdriver.o
 .bss.lastStart
                0x200001c4        0x4 ./Drivers/rtcdriver.o
 .bss.cmuStatus.8187
                0x200001c8        0x4 ./emlib/em_emu.o
 .bss.hfClock.8188
                0x200001cc        0x1 ./emlib/em_emu.o
 *fill*         0x200001cd        0x3 
 .bss.i2cTransfer
                0x200001d0        0xc ./emlib/em_i2c.o
 .bss.otaa      0x200001dc        0x1 ./lora/rn2483.o
                0x200001dc                otaa
 .bss.adcConversionComplete
                0x200001dd        0x1 ./system/adc.o
                0x200001dd                adcConversionComplete
 .bss.receiveComplete
                0x200001de        0x1 ./system/leuart.o
                0x200001de                receiveComplete
 *fill*         0x200001df        0x1 
 .bss.dmaCallBack
                0x200001e0       0x18 ./system/leuart.o
 .bss.bufferPointer
                0x200001f8        0x1 ./system/leuart.o
                0x200001f8                bufferPointer
 *fill*         0x200001f9        0x3 
 .bss.__malloc_sbrk_start
                0x200001fc        0x4 c:/siliconlabs/simplicitystudio/v4/developer/toolchains/gnu_arm/4.9_2015q3/bin/../lib/gcc/arm-none-eabi/4.9.3/../../../../arm-none-eabi/lib/armv6-m\libc_nano.a(lib_a-nano-mallocr.o)
                0x200001fc                __malloc_sbrk_start
 .bss.__malloc_free_list
                0x20000200        0x4 c:/siliconlabs/simplicitystudio/v4/developer/toolchains/gnu_arm/4.9_2015q3/bin/../lib/gcc/arm-none-eabi/4.9.3/../../../../arm-none-eabi/lib/armv6-m\libc_nano.a(lib_a-nano-mallocr.o)
                0x20000200                __malloc_free_list
 .bss.heap_end.4079
                0x20000204        0x4 c:/siliconlabs/simplicitystudio/v4/developer/toolchains/gnu_arm/4.9_2015q3/bin/../lib/gcc/arm-none-eabi/4.9.3/../../../../arm-none-eabi/lib/armv6-m\libnosys.a(sbrk.o)
 *(COMMON)
 *fill*         0x20000208       0xf8 
 COMMON         0x20000300      0x100 ./Drivers/dmactrl.o
                0x20000300                dmaControlBlock
 COMMON         0x20000400       0x40 ./lora/lora.o
                0x20000400                loraReceiveBuffer
 COMMON         0x20000440       0xed ./lora/rn2483.o
                0x20000440                applicationKey
                0x20000464                commandBuffer
                0x200004b4                applicationEUI
                0x200004c8                applicationSessionKey
                0x200004ec                deviceEUI
                0x20000500                deviceAddress
                0x2000050c                networkSessionKey
 COMMON         0x2000052d        0x1 ./src/main.o
                0x2000052d                sleeping
 *fill*         0x2000052e        0x2 
 COMMON         0x20000530       0x40 ./system/irq.o
                0x20000530                irq
 COMMON         0x20000570       0x32 ./system/leuart.o
                0x20000570                receiveBuffer
 *fill*         0x200005a2        0x2 
 COMMON         0x200005a4        0x4 ./util/delay.o
                0x200005a4                xTimerForWakeUp
 COMMON         0x200005a8        0x4 c:/siliconlabs/simplicitystudio/v4/developer/toolchains/gnu_arm/4.9_2015q3/bin/../lib/gcc/arm-none-eabi/4.9.3/../../../../arm-none-eabi/lib/armv6-m\libc_nano.a(lib_a-reent.o)
                0x200005a8                errno
                0x200005ac                . = ALIGN (0x4)
                0x200005ac                __bss_end__ = .

.heap           0x200005b0      0x400
                0x200005b0                __HeapBase = .
                0x200005b0                __end__ = .
                0x200005b0                end = __end__
                0x200005b0                _end = __end__
 *(.heap*)
 .heap          0x200005b0      0x400 ./CMSIS/EFM32HG/startup_efm32hg.o
                0x200009b0                __HeapLimit = .

.stack_dummy    0x200005b0      0x400
 *(.stack*)
 .stack         0x200005b0      0x400 ./CMSIS/EFM32HG/startup_efm32hg.o
                0x20002000                __StackTop = (ORIGIN (RAM) + 0x2000)
                0x20001c00                __StackLimit = (__StackTop - SIZEOF (.stack_dummy))
                0x20002000                PROVIDE (__stack, __StackTop)
                0x00000001                ASSERT ((__StackLimit >= __HeapLimit), region RAM overflowed with stack)
                0x00000001                ASSERT ((0x10000 >= (__etext + SIZEOF (.data))), FLASH memory overflowed !)
OUTPUT(EFM32-RN2483-LoRa-Node.axf elf32-littlearm)

.ARM.attributes
                0x00000000       0x28
 .ARM.attributes
                0x00000000       0x1e c:/siliconlabs/simplicitystudio/v4/developer/toolchains/gnu_arm/4.9_2015q3/bin/../lib/gcc/arm-none-eabi/4.9.3/armv6-m/crti.o
 .ARM.attributes
                0x0000001e       0x2c c:/siliconlabs/simplicitystudio/v4/developer/toolchains/gnu_arm/4.9_2015q3/bin/../lib/gcc/arm-none-eabi/4.9.3/armv6-m/crtbegin.o
 .ARM.attributes
                0x0000004a       0x1b c:/siliconlabs/simplicitystudio/v4/developer/toolchains/gnu_arm/4.9_2015q3/bin/../lib/gcc/arm-none-eabi/4.9.3/../../../../arm-none-eabi/lib/armv6-m/crt0.o
 .ARM.attributes
                0x00000065       0x1b ./CMSIS/EFM32HG/startup_efm32hg.o
 .ARM.attributes
                0x00000080       0x32 ./CMSIS/EFM32HG/system_efm32hg.o
 .ARM.attributes
                0x000000b2       0x32 ./Drivers/dmactrl.o
 .ARM.attributes
                0x000000e4       0x32 ./Drivers/i2cspm.o
 .ARM.attributes
                0x00000116       0x32 ./Drivers/rtcdriver.o
 .ARM.attributes
                0x00000148       0x32 ./emlib/em_adc.o
 .ARM.attributes
                0x0000017a       0x32 ./emlib/em_cmu.o
 .ARM.attributes
                0x000001ac       0x32 ./emlib/em_core.o
 .ARM.attributes
                0x000001de       0x32 ./emlib/em_dma.o
 .ARM.attributes
                0x00000210       0x32 ./emlib/em_emu.o
 .ARM.attributes
                0x00000242       0x32 ./emlib/em_gpio.o
 .ARM.attributes
                0x00000274       0x32 ./emlib/em_i2c.o
 .ARM.attributes
                0x000002a6       0x32 ./emlib/em_leuart.o
 .ARM.attributes
                0x000002d8       0x32 ./emlib/em_rtc.o
 .ARM.attributes
                0x0000030a       0x32 ./lora/lora.o
 .ARM.attributes
                0x0000033c       0x32 ./lora/lpp.o
 .ARM.attributes
                0x0000036e       0x32 ./lora/rn2483.o
 .ARM.attributes
                0x000003a0       0x32 ./sensors/si7021.o
 .ARM.attributes
                0x000003d2       0x32 ./src/main.o
 .ARM.attributes
                0x00000404       0x32 ./system/adc.o
 .ARM.attributes
                0x00000436       0x32 ./system/buttons.o
 .ARM.attributes
                0x00000468       0x32 ./system/iic.o
 .ARM.attributes
                0x0000049a       0x32 ./system/irq.o
 .ARM.attributes
                0x000004cc       0x32 ./system/led.o
 .ARM.attributes
                0x000004fe       0x32 ./system/leuart.o
 .ARM.attributes
                0x00000530       0x32 ./system/pm.o
 .ARM.attributes
                0x00000562       0x32 ./system/system.o
 .ARM.attributes
                0x00000594       0x32 ./util/delay.o
 .ARM.attributes
                0x000005c6       0x32 ./util/util.o
 .ARM.attributes
                0x000005f8       0x2c c:/siliconlabs/simplicitystudio/v4/developer/toolchains/gnu_arm/4.9_2015q3/bin/../lib/gcc/arm-none-eabi/4.9.3/../../../../arm-none-eabi/lib/armv6-m\libm.a(lib_a-s_round.o)
 .ARM.attributes
                0x00000624       0x1e c:/siliconlabs/simplicitystudio/v4/developer/toolchains/gnu_arm/4.9_2015q3/bin/../lib/gcc/arm-none-eabi/4.9.3/armv6-m\libgcc.a(_udivsi3.o)
 .ARM.attributes
                0x00000642       0x1e c:/siliconlabs/simplicitystudio/v4/developer/toolchains/gnu_arm/4.9_2015q3/bin/../lib/gcc/arm-none-eabi/4.9.3/armv6-m\libgcc.a(_divsi3.o)
 .ARM.attributes
                0x00000660       0x1e c:/siliconlabs/simplicitystudio/v4/developer/toolchains/gnu_arm/4.9_2015q3/bin/../lib/gcc/arm-none-eabi/4.9.3/armv6-m\libgcc.a(_dvmd_tls.o)
 .ARM.attributes
                0x0000067e       0x1e c:/siliconlabs/simplicitystudio/v4/developer/toolchains/gnu_arm/4.9_2015q3/bin/../lib/gcc/arm-none-eabi/4.9.3/armv6-m\libgcc.a(_clzsi2.o)
 .ARM.attributes
                0x0000069c       0x1e c:/siliconlabs/simplicitystudio/v4/developer/toolchains/gnu_arm/4.9_2015q3/bin/../lib/gcc/arm-none-eabi/4.9.3/armv6-m\libgcc.a(_aeabi_uldivmod.o)
 .ARM.attributes
                0x000006ba       0x2c c:/siliconlabs/simplicitystudio/v4/developer/toolchains/gnu_arm/4.9_2015q3/bin/../lib/gcc/arm-none-eabi/4.9.3/armv6-m\libgcc.a(_muldi3.o)
 .ARM.attributes
                0x000006e6       0x2c c:/siliconlabs/simplicitystudio/v4/developer/toolchains/gnu_arm/4.9_2015q3/bin/../lib/gcc/arm-none-eabi/4.9.3/armv6-m\libgcc.a(bpabi.o)
 .ARM.attributes
                0x00000712       0x2c c:/siliconlabs/simplicitystudio/v4/developer/toolchains/gnu_arm/4.9_2015q3/bin/../lib/gcc/arm-none-eabi/4.9.3/armv6-m\libgcc.a(divsf3.o)
 .ARM.attributes
                0x0000073e       0x2c c:/siliconlabs/simplicitystudio/v4/developer/toolchains/gnu_arm/4.9_2015q3/bin/../lib/gcc/arm-none-eabi/4.9.3/armv6-m\libgcc.a(floatsisf.o)
 .ARM.attributes
                0x0000076a       0x2c c:/siliconlabs/simplicitystudio/v4/developer/toolchains/gnu_arm/4.9_2015q3/bin/../lib/gcc/arm-none-eabi/4.9.3/armv6-m\libgcc.a(floatunsisf.o)
 .ARM.attributes
                0x00000796       0x2c c:/siliconlabs/simplicitystudio/v4/developer/toolchains/gnu_arm/4.9_2015q3/bin/../lib/gcc/arm-none-eabi/4.9.3/armv6-m\libgcc.a(adddf3.o)
 .ARM.attributes
                0x000007c2       0x2c c:/siliconlabs/simplicitystudio/v4/developer/toolchains/gnu_arm/4.9_2015q3/bin/../lib/gcc/arm-none-eabi/4.9.3/armv6-m\libgcc.a(muldf3.o)
 .ARM.attributes
                0x000007ee       0x2c c:/siliconlabs/simplicitystudio/v4/developer/toolchains/gnu_arm/4.9_2015q3/bin/../lib/gcc/arm-none-eabi/4.9.3/armv6-m\libgcc.a(fixdfsi.o)
 .ARM.attributes
                0x0000081a       0x2c c:/siliconlabs/simplicitystudio/v4/developer/toolchains/gnu_arm/4.9_2015q3/bin/../lib/gcc/arm-none-eabi/4.9.3/armv6-m\libgcc.a(extendsfdf2.o)
 .ARM.attributes
                0x00000846       0x2c c:/siliconlabs/simplicitystudio/v4/developer/toolchains/gnu_arm/4.9_2015q3/bin/../lib/gcc/arm-none-eabi/4.9.3/armv6-m\libgcc.a(_divdi3.o)
 .ARM.attributes
                0x00000872       0x2c c:/siliconlabs/simplicitystudio/v4/developer/toolchains/gnu_arm/4.9_2015q3/bin/../lib/gcc/arm-none-eabi/4.9.3/armv6-m\libgcc.a(_udivdi3.o)
 .ARM.attributes
                0x0000089e       0x1e c:/siliconlabs/simplicitystudio/v4/developer/toolchains/gnu_arm/4.9_2015q3/bin/../lib/gcc/arm-none-eabi/4.9.3/armv6-m\libgcc.a(_clzdi2.o)
 .ARM.attributes
                0x000008bc       0x2c c:/siliconlabs/simplicitystudio/v4/developer/toolchains/gnu_arm/4.9_2015q3/bin/../lib/gcc/arm-none-eabi/4.9.3/../../../../arm-none-eabi/lib/armv6-m\libc_nano.a(lib_a-exit.o)
 .ARM.attributes
                0x000008e8       0x2c c:/siliconlabs/simplicitystudio/v4/developer/toolchains/gnu_arm/4.9_2015q3/bin/../lib/gcc/arm-none-eabi/4.9.3/../../../../arm-none-eabi/lib/armv6-m\libc_nano.a(lib_a-impure.o)
 .ARM.attributes
                0x00000914       0x2c c:/siliconlabs/simplicitystudio/v4/developer/toolchains/gnu_arm/4.9_2015q3/bin/../lib/gcc/arm-none-eabi/4.9.3/../../../../arm-none-eabi/lib/armv6-m\libc_nano.a(lib_a-init.o)
 .ARM.attributes
                0x00000940       0x2c c:/siliconlabs/simplicitystudio/v4/developer/toolchains/gnu_arm/4.9_2015q3/bin/../lib/gcc/arm-none-eabi/4.9.3/../../../../arm-none-eabi/lib/armv6-m\libc_nano.a(lib_a-malloc.o)
 .ARM.attributes
                0x0000096c       0x2c c:/siliconlabs/simplicitystudio/v4/developer/toolchains/gnu_arm/4.9_2015q3/bin/../lib/gcc/arm-none-eabi/4.9.3/../../../../arm-none-eabi/lib/armv6-m\libc_nano.a(lib_a-memcpy.o)
 .ARM.attributes
                0x00000998       0x2c c:/siliconlabs/simplicitystudio/v4/developer/toolchains/gnu_arm/4.9_2015q3/bin/../lib/gcc/arm-none-eabi/4.9.3/../../../../arm-none-eabi/lib/armv6-m\libc_nano.a(lib_a-memset.o)
 .ARM.attributes
                0x000009c4       0x2c c:/siliconlabs/simplicitystudio/v4/developer/toolchains/gnu_arm/4.9_2015q3/bin/../lib/gcc/arm-none-eabi/4.9.3/../../../../arm-none-eabi/lib/armv6-m\libc_nano.a(lib_a-nano-freer.o)
 .ARM.attributes
                0x000009f0       0x2c c:/siliconlabs/simplicitystudio/v4/developer/toolchains/gnu_arm/4.9_2015q3/bin/../lib/gcc/arm-none-eabi/4.9.3/../../../../arm-none-eabi/lib/armv6-m\libc_nano.a(lib_a-nano-mallocr.o)
 .ARM.attributes
                0x00000a1c       0x2c c:/siliconlabs/simplicitystudio/v4/developer/toolchains/gnu_arm/4.9_2015q3/bin/../lib/gcc/arm-none-eabi/4.9.3/../../../../arm-none-eabi/lib/armv6-m\libc_nano.a(lib_a-rand.o)
 .ARM.attributes
                0x00000a48       0x2c c:/siliconlabs/simplicitystudio/v4/developer/toolchains/gnu_arm/4.9_2015q3/bin/../lib/gcc/arm-none-eabi/4.9.3/../../../../arm-none-eabi/lib/armv6-m\libc_nano.a(lib_a-sbrkr.o)
 .ARM.attributes
                0x00000a74       0x2c c:/siliconlabs/simplicitystudio/v4/developer/toolchains/gnu_arm/4.9_2015q3/bin/../lib/gcc/arm-none-eabi/4.9.3/../../../../arm-none-eabi/lib/armv6-m\libc_nano.a(lib_a-sprintf.o)
 .ARM.attributes
                0x00000aa0       0x2c c:/siliconlabs/simplicitystudio/v4/developer/toolchains/gnu_arm/4.9_2015q3/bin/../lib/gcc/arm-none-eabi/4.9.3/../../../../arm-none-eabi/lib/armv6-m\libc_nano.a(lib_a-strcpy.o)
 .ARM.attributes
                0x00000acc       0x2c c:/siliconlabs/simplicitystudio/v4/developer/toolchains/gnu_arm/4.9_2015q3/bin/../lib/gcc/arm-none-eabi/4.9.3/../../../../arm-none-eabi/lib/armv6-m\libc_nano.a(lib_a-strlen.o)
 .ARM.attributes
                0x00000af8       0x2c c:/siliconlabs/simplicitystudio/v4/developer/toolchains/gnu_arm/4.9_2015q3/bin/../lib/gcc/arm-none-eabi/4.9.3/../../../../arm-none-eabi/lib/armv6-m\libc_nano.a(lib_a-nano-svfprintf.o)
 .ARM.attributes
                0x00000b24       0x2c c:/siliconlabs/simplicitystudio/v4/developer/toolchains/gnu_arm/4.9_2015q3/bin/../lib/gcc/arm-none-eabi/4.9.3/../../../../arm-none-eabi/lib/armv6-m\libc_nano.a(lib_a-nano-vfprintf_i.o)
 .ARM.attributes
                0x00000b50       0x2c c:/siliconlabs/simplicitystudio/v4/developer/toolchains/gnu_arm/4.9_2015q3/bin/../lib/gcc/arm-none-eabi/4.9.3/../../../../arm-none-eabi/lib/armv6-m\libc_nano.a(lib_a-reent.o)
 .ARM.attributes
                0x00000b7c       0x2c c:/siliconlabs/simplicitystudio/v4/developer/toolchains/gnu_arm/4.9_2015q3/bin/../lib/gcc/arm-none-eabi/4.9.3/../../../../arm-none-eabi/lib/armv6-m\libc_nano.a(lib_a-memchr.o)
 .ARM.attributes
                0x00000ba8       0x2c c:/siliconlabs/simplicitystudio/v4/developer/toolchains/gnu_arm/4.9_2015q3/bin/../lib/gcc/arm-none-eabi/4.9.3/../../../../arm-none-eabi/lib/armv6-m\libc_nano.a(lib_a-memmove.o)
 .ARM.attributes
                0x00000bd4       0x2c c:/siliconlabs/simplicitystudio/v4/developer/toolchains/gnu_arm/4.9_2015q3/bin/../lib/gcc/arm-none-eabi/4.9.3/../../../../arm-none-eabi/lib/armv6-m\libc_nano.a(lib_a-nano-reallocr.o)
 .ARM.attributes
                0x00000c00       0x2c c:/siliconlabs/simplicitystudio/v4/developer/toolchains/gnu_arm/4.9_2015q3/bin/../lib/gcc/arm-none-eabi/4.9.3/../../../../arm-none-eabi/lib/armv6-m\libc_nano.a(lib_a-nano-msizer.o)
 .ARM.attributes
                0x00000c2c       0x2c c:/siliconlabs/simplicitystudio/v4/developer/toolchains/gnu_arm/4.9_2015q3/bin/../lib/gcc/arm-none-eabi/4.9.3/../../../../arm-none-eabi/lib/armv6-m\libnosys.a(sbrk.o)
 .ARM.attributes
                0x00000c58       0x2c c:/siliconlabs/simplicitystudio/v4/developer/toolchains/gnu_arm/4.9_2015q3/bin/../lib/gcc/arm-none-eabi/4.9.3/../../../../arm-none-eabi/lib/armv6-m\libnosys.a(_exit.o)
 .ARM.attributes
                0x00000c84       0x2c c:/siliconlabs/simplicitystudio/v4/developer/toolchains/gnu_arm/4.9_2015q3/bin/../lib/gcc/arm-none-eabi/4.9.3/armv6-m/crtend.o
 .ARM.attributes
                0x00000cb0       0x1e c:/siliconlabs/simplicitystudio/v4/developer/toolchains/gnu_arm/4.9_2015q3/bin/../lib/gcc/arm-none-eabi/4.9.3/armv6-m/crtn.o

.comment        0x00000000       0x70
 .comment       0x00000000       0x70 ./CMSIS/EFM32HG/system_efm32hg.o
                                 0x71 (size before relaxing)
 .comment       0x00000000       0x71 ./Drivers/dmactrl.o
 .comment       0x00000000       0x71 ./Drivers/i2cspm.o
 .comment       0x00000000       0x71 ./Drivers/rtcdriver.o
 .comment       0x00000000       0x71 ./emlib/em_adc.o
 .comment       0x00000000       0x71 ./emlib/em_cmu.o
 .comment       0x00000000       0x71 ./emlib/em_core.o
 .comment       0x00000000       0x71 ./emlib/em_dma.o
 .comment       0x00000000       0x71 ./emlib/em_emu.o
 .comment       0x00000000       0x71 ./emlib/em_gpio.o
 .comment       0x00000000       0x71 ./emlib/em_i2c.o
 .comment       0x00000000       0x71 ./emlib/em_leuart.o
 .comment       0x00000000       0x71 ./emlib/em_rtc.o
 .comment       0x00000000       0x71 ./lora/lora.o
 .comment       0x00000000       0x71 ./lora/lpp.o
 .comment       0x00000000       0x71 ./lora/rn2483.o
 .comment       0x00000000       0x71 ./sensors/si7021.o
 .comment       0x00000000       0x71 ./src/main.o
 .comment       0x00000000       0x71 ./system/adc.o
 .comment       0x00000000       0x71 ./system/buttons.o
 .comment       0x00000000       0x71 ./system/iic.o
 .comment       0x00000000       0x71 ./system/irq.o
 .comment       0x00000000       0x71 ./system/led.o
 .comment       0x00000000       0x71 ./system/leuart.o
 .comment       0x00000000       0x71 ./system/pm.o
 .comment       0x00000000       0x71 ./system/system.o
 .comment       0x00000000       0x71 ./util/delay.o
 .comment       0x00000000       0x71 ./util/util.o

.debug_line     0x00000000     0x7713
 .debug_line    0x00000000       0xd5 ./CMSIS/EFM32HG/startup_efm32hg.o
 .debug_line    0x000000d5      0x3ab ./CMSIS/EFM32HG/system_efm32hg.o
 .debug_line    0x00000480      0x20b ./Drivers/dmactrl.o
 .debug_line    0x0000068b      0x34f ./Drivers/i2cspm.o
 .debug_line    0x000009da      0x824 ./Drivers/rtcdriver.o
 .debug_line    0x000011fe      0x441 ./emlib/em_adc.o
 .debug_line    0x0000163f      0xbf7 ./emlib/em_cmu.o
 .debug_line    0x00002236      0x5e1 ./emlib/em_core.o
 .debug_line    0x00002817      0x67f ./emlib/em_dma.o
 .debug_line    0x00002e96      0x5cd ./emlib/em_emu.o
 .debug_line    0x00003463      0x3a2 ./emlib/em_gpio.o
 .debug_line    0x00003805      0x57d ./emlib/em_i2c.o
 .debug_line    0x00003d82      0x4a5 ./emlib/em_leuart.o
 .debug_line    0x00004227      0x34c ./emlib/em_rtc.o
 .debug_line    0x00004573      0x200 ./lora/lora.o
 .debug_line    0x00004773      0x2d6 ./lora/lpp.o
 .debug_line    0x00004a49      0x79f ./lora/rn2483.o
 .debug_line    0x000051e8      0x1c4 ./sensors/si7021.o
 .debug_line    0x000053ac      0x39f ./src/main.o
 .debug_line    0x0000574b      0x3fd ./system/adc.o
 .debug_line    0x00005b48      0x2f6 ./system/buttons.o
 .debug_line    0x00005e3e      0x2f8 ./system/iic.o
 .debug_line    0x00006136      0x2a9 ./system/irq.o
 .debug_line    0x000063df      0x2fe ./system/led.o
 .debug_line    0x000066dd      0x5b8 ./system/leuart.o
 .debug_line    0x00006c95      0x27b ./system/pm.o
 .debug_line    0x00006f10      0x2ec ./system/system.o
 .debug_line    0x000071fc      0x289 ./util/delay.o
 .debug_line    0x00007485      0x28e ./util/util.o

.debug_info     0x00000000    0x126f6
 .debug_info    0x00000000      0x110 ./CMSIS/EFM32HG/startup_efm32hg.o
 .debug_info    0x00000110      0x550 ./CMSIS/EFM32HG/system_efm32hg.o
 .debug_info    0x00000660      0x118 ./Drivers/dmactrl.o
 .debug_info    0x00000778      0x9aa ./Drivers/i2cspm.o
 .debug_info    0x00001122     0x1378 ./Drivers/rtcdriver.o
 .debug_info    0x0000249a      0xc7f ./emlib/em_adc.o
 .debug_info    0x00003119     0x20d7 ./emlib/em_cmu.o
 .debug_info    0x000051f0      0xbb2 ./emlib/em_core.o
 .debug_info    0x00005da2     0x13db ./emlib/em_dma.o
 .debug_info    0x0000717d      0xd30 ./emlib/em_emu.o
 .debug_info    0x00007ead      0x7a8 ./emlib/em_gpio.o
 .debug_info    0x00008655      0xae9 ./emlib/em_i2c.o
 .debug_info    0x0000913e      0xb3b ./emlib/em_leuart.o
 .debug_info    0x00009c79      0x3f8 ./emlib/em_rtc.o
 .debug_info    0x0000a071      0x4e9 ./lora/lora.o
 .debug_info    0x0000a55a      0x377 ./lora/lpp.o
 .debug_info    0x0000a8d1     0x29f5 ./lora/rn2483.o
 .debug_info    0x0000d2c6      0x334 ./sensors/si7021.o
 .debug_info    0x0000d5fa      0x7b3 ./src/main.o
 .debug_info    0x0000ddad      0xdba ./system/adc.o
 .debug_info    0x0000eb67      0x756 ./system/buttons.o
 .debug_info    0x0000f2bd      0x5cf ./system/iic.o
 .debug_info    0x0000f88c      0x427 ./system/irq.o
 .debug_info    0x0000fcb3      0x4d2 ./system/led.o
 .debug_info    0x00010185     0x164f ./system/leuart.o
 .debug_info    0x000117d4      0x651 ./system/pm.o
 .debug_info    0x00011e25      0x470 ./system/system.o
 .debug_info    0x00012295      0x218 ./util/delay.o
 .debug_info    0x000124ad      0x249 ./util/util.o

.debug_abbrev   0x00000000     0x3f81
 .debug_abbrev  0x00000000       0x14 ./CMSIS/EFM32HG/startup_efm32hg.o
 .debug_abbrev  0x00000014      0x182 ./CMSIS/EFM32HG/system_efm32hg.o
 .debug_abbrev  0x00000196       0x85 ./Drivers/dmactrl.o
 .debug_abbrev  0x0000021b      0x235 ./Drivers/i2cspm.o
 .debug_abbrev  0x00000450      0x41a ./Drivers/rtcdriver.o
 .debug_abbrev  0x0000086a      0x2db ./emlib/em_adc.o
 .debug_abbrev  0x00000b45      0x403 ./emlib/em_cmu.o
 .debug_abbrev  0x00000f48      0x2ba ./emlib/em_core.o
 .debug_abbrev  0x00001202      0x32f ./emlib/em_dma.o
 .debug_abbrev  0x00001531      0x308 ./emlib/em_emu.o
 .debug_abbrev  0x00001839      0x295 ./emlib/em_gpio.o
 .debug_abbrev  0x00001ace      0x35d ./emlib/em_i2c.o
 .debug_abbrev  0x00001e2b      0x330 ./emlib/em_leuart.o
 .debug_abbrev  0x0000215b      0x222 ./emlib/em_rtc.o
 .debug_abbrev  0x0000237d      0x181 ./lora/lora.o
 .debug_abbrev  0x000024fe      0x167 ./lora/lpp.o
 .debug_abbrev  0x00002665      0x384 ./lora/rn2483.o
 .debug_abbrev  0x000029e9      0x15c ./sensors/si7021.o
 .debug_abbrev  0x00002b45      0x1d7 ./src/main.o
 .debug_abbrev  0x00002d1c      0x2d9 ./system/adc.o
 .debug_abbrev  0x00002ff5      0x1ae ./system/buttons.o
 .debug_abbrev  0x000031a3      0x1b8 ./system/iic.o
 .debug_abbrev  0x0000335b      0x1c6 ./system/irq.o
 .debug_abbrev  0x00003521      0x178 ./system/led.o
 .debug_abbrev  0x00003699      0x368 ./system/leuart.o
 .debug_abbrev  0x00003a01      0x1b0 ./system/pm.o
 .debug_abbrev  0x00003bb1      0x1a7 ./system/system.o
 .debug_abbrev  0x00003d58      0x129 ./util/delay.o
 .debug_abbrev  0x00003e81      0x100 ./util/util.o

.debug_aranges  0x00000000      0x9c0
 .debug_aranges
                0x00000000       0x20 ./CMSIS/EFM32HG/startup_efm32hg.o
 .debug_aranges
                0x00000020       0x68 ./CMSIS/EFM32HG/system_efm32hg.o
 .debug_aranges
                0x00000088       0x18 ./Drivers/dmactrl.o
 .debug_aranges
                0x000000a0       0x28 ./Drivers/i2cspm.o
 .debug_aranges
                0x000000c8       0x70 ./Drivers/rtcdriver.o
 .debug_aranges
                0x00000138       0x48 ./emlib/em_adc.o
 .debug_aranges
                0x00000180       0xf8 ./emlib/em_cmu.o
 .debug_aranges
                0x00000278       0xe0 ./emlib/em_core.o
 .debug_aranges
                0x00000358       0x88 ./emlib/em_dma.o
 .debug_aranges
                0x000003e0       0x68 ./emlib/em_emu.o
 .debug_aranges
                0x00000448       0x48 ./emlib/em_gpio.o
 .debug_aranges
                0x00000490       0x50 ./emlib/em_i2c.o
 .debug_aranges
                0x000004e0       0x80 ./emlib/em_leuart.o
 .debug_aranges
                0x00000560       0x50 ./emlib/em_rtc.o
 .debug_aranges
                0x000005b0       0x40 ./lora/lora.o
 .debug_aranges
                0x000005f0       0x50 ./lora/lpp.o
 .debug_aranges
                0x00000640      0x100 ./lora/rn2483.o
 .debug_aranges
                0x00000740       0x28 ./sensors/si7021.o
 .debug_aranges
                0x00000768       0x38 ./src/main.o
 .debug_aranges
                0x000007a0       0x38 ./system/adc.o
 .debug_aranges
                0x000007d8       0x28 ./system/buttons.o
 .debug_aranges
                0x00000800       0x38 ./system/iic.o
 .debug_aranges
                0x00000838       0x38 ./system/irq.o
 .debug_aranges
                0x00000870       0x38 ./system/led.o
 .debug_aranges
                0x000008a8       0x70 ./system/leuart.o
 .debug_aranges
                0x00000918       0x30 ./system/pm.o
 .debug_aranges
                0x00000948       0x20 ./system/system.o
 .debug_aranges
                0x00000968       0x28 ./util/delay.o
 .debug_aranges
                0x00000990       0x30 ./util/util.o

.debug_loc      0x00000000     0xa63c
 .debug_loc     0x00000000      0x4b9 ./CMSIS/EFM32HG/system_efm32hg.o
 .debug_loc     0x000004b9      0x36d ./Drivers/i2cspm.o
 .debug_loc     0x00000826      0xf39 ./Drivers/rtcdriver.o
 .debug_loc     0x0000175f      0x74f ./emlib/em_adc.o
 .debug_loc     0x00001eae     0x20ae ./emlib/em_cmu.o
 .debug_loc     0x00003f5c      0x60e ./emlib/em_core.o
 .debug_loc     0x0000456a     0x1028 ./emlib/em_dma.o
 .debug_loc     0x00005592      0x36c ./emlib/em_emu.o
 .debug_loc     0x000058fe      0x4e2 ./emlib/em_gpio.o
 .debug_loc     0x00005de0      0xeff ./emlib/em_i2c.o
 .debug_loc     0x00006cdf      0x794 ./emlib/em_leuart.o
 .debug_loc     0x00007473      0x11d ./emlib/em_rtc.o
 .debug_loc     0x00007590      0x13a ./lora/lora.o
 .debug_loc     0x000076ca      0x2fe ./lora/lpp.o
 .debug_loc     0x000079c8     0x1b91 ./lora/rn2483.o
 .debug_loc     0x00009559      0x104 ./sensors/si7021.o
 .debug_loc     0x0000965d       0xda ./src/main.o
 .debug_loc     0x00009737      0x101 ./system/adc.o
 .debug_loc     0x00009838       0xc0 ./system/buttons.o
 .debug_loc     0x000098f8      0x2ba ./system/iic.o
 .debug_loc     0x00009bb2       0x81 ./system/irq.o
 .debug_loc     0x00009c33       0x41 ./system/led.o
 .debug_loc     0x00009c74      0x4c0 ./system/leuart.o
 .debug_loc     0x0000a134      0x1b0 ./system/pm.o
 .debug_loc     0x0000a2e4       0x20 ./system/system.o
 .debug_loc     0x0000a304       0x78 ./util/delay.o
 .debug_loc     0x0000a37c      0x2c0 ./util/util.o

.debug_ranges   0x00000000     0x1a80
 .debug_ranges  0x00000000       0xc8 ./CMSIS/EFM32HG/system_efm32hg.o
 .debug_ranges  0x000000c8       0xf0 ./Drivers/i2cspm.o
 .debug_ranges  0x000001b8      0x258 ./Drivers/rtcdriver.o
 .debug_ranges  0x00000410       0xc8 ./emlib/em_adc.o
 .debug_ranges  0x000004d8      0x508 ./emlib/em_cmu.o
 .debug_ranges  0x000009e0      0x188 ./emlib/em_core.o
 .debug_ranges  0x00000b68      0x190 ./emlib/em_dma.o
 .debug_ranges  0x00000cf8      0x1a8 ./emlib/em_emu.o
 .debug_ranges  0x00000ea0       0xf0 ./emlib/em_gpio.o
 .debug_ranges  0x00000f90      0x158 ./emlib/em_i2c.o
 .debug_ranges  0x000010e8      0x130 ./emlib/em_leuart.o
 .debug_ranges  0x00001218       0x70 ./emlib/em_rtc.o
 .debug_ranges  0x00001288       0x30 ./lora/lora.o
 .debug_ranges  0x000012b8       0x58 ./lora/lpp.o
 .debug_ranges  0x00001310      0x298 ./lora/rn2483.o
 .debug_ranges  0x000015a8       0x68 ./sensors/si7021.o
 .debug_ranges  0x00001610       0x28 ./src/main.o
 .debug_ranges  0x00001638      0x108 ./system/adc.o
 .debug_ranges  0x00001740       0x18 ./system/buttons.o
 .debug_ranges  0x00001758       0x28 ./system/iic.o
 .debug_ranges  0x00001780       0x88 ./system/irq.o
 .debug_ranges  0x00001808       0x70 ./system/led.o
 .debug_ranges  0x00001878      0x120 ./system/leuart.o
 .debug_ranges  0x00001998       0xa0 ./system/pm.o
 .debug_ranges  0x00001a38       0x10 ./system/system.o
 .debug_ranges  0x00001a48       0x18 ./util/delay.o
 .debug_ranges  0x00001a60       0x20 ./util/util.o

.debug_str      0x00000000     0x3f4a
 .debug_str     0x00000000      0x3cf ./CMSIS/EFM32HG/system_efm32hg.o
                                0x433 (size before relaxing)
 .debug_str     0x000003cf       0xa7 ./Drivers/dmactrl.o
                                0x221 (size before relaxing)
 .debug_str     0x00000476      0x708 ./Drivers/i2cspm.o
                                0x8c0 (size before relaxing)
 .debug_str     0x00000b7e      0x719 ./Drivers/rtcdriver.o
                                0xac5 (size before relaxing)
 .debug_str     0x00001297      0x767 ./emlib/em_adc.o
                                0xaea (size before relaxing)
 .debug_str     0x000019fe      0x6cf ./emlib/em_cmu.o
                                0xdd2 (size before relaxing)
 .debug_str     0x000020cd      0x34e ./emlib/em_core.o
                                0x6c5 (size before relaxing)
 .debug_str     0x0000241b      0x5dd ./emlib/em_dma.o
                                0xb8d (size before relaxing)
 .debug_str     0x000029f8      0x1e9 ./emlib/em_emu.o
                                0x802 (size before relaxing)
 .debug_str     0x00002be1      0x17b ./emlib/em_gpio.o
                                0x5da (size before relaxing)
 .debug_str     0x00002d5c      0x1f5 ./emlib/em_i2c.o
                                0x761 (size before relaxing)
 .debug_str     0x00002f51      0x309 ./emlib/em_leuart.o
                                0x6dd (size before relaxing)
 .debug_str     0x0000325a       0x91 ./emlib/em_rtc.o
                                0x2c0 (size before relaxing)
 .debug_str     0x000032eb      0x21d ./lora/lora.o
                                0x41a (size before relaxing)
 .debug_str     0x00003508       0xa5 ./lora/lpp.o
                                0x2b0 (size before relaxing)
 .debug_str     0x000035ad      0x3ad ./lora/rn2483.o
                                0x8f7 (size before relaxing)
 .debug_str     0x0000395a       0x74 ./sensors/si7021.o
                                0x28d (size before relaxing)
 .debug_str     0x000039ce      0x17f ./src/main.o
                                0x589 (size before relaxing)
 .debug_str     0x00003b4d      0x102 ./system/adc.o
                                0xd32 (size before relaxing)
 .debug_str     0x00003c4f       0x43 ./system/buttons.o
                                0x6be (size before relaxing)
 .debug_str     0x00003c92       0x73 ./system/iic.o
                                0x4da (size before relaxing)
 .debug_str     0x00003d05       0x66 ./system/irq.o
                                0x32e (size before relaxing)
 .debug_str     0x00003d6b       0x6a ./system/led.o
                                0x4f5 (size before relaxing)
 .debug_str     0x00003dd5       0xe2 ./system/leuart.o
                                0xf62 (size before relaxing)
 .debug_str     0x00003eb7       0x14 ./system/pm.o
                                0x4f9 (size before relaxing)
 .debug_str     0x00003ecb       0x30 ./system/system.o
                                0x50c (size before relaxing)
 .debug_str     0x00003efb       0x20 ./util/delay.o
                                0x2bb (size before relaxing)
 .debug_str     0x00003f1b       0x2f ./util/util.o
                                0x228 (size before relaxing)

.debug_frame    0x00000000     0x1e0c
 .debug_frame   0x00000000       0xd0 ./CMSIS/EFM32HG/system_efm32hg.o
 .debug_frame   0x000000d0       0x48 ./Drivers/i2cspm.o
 .debug_frame   0x00000118      0x168 ./Drivers/rtcdriver.o
 .debug_frame   0x00000280       0xb8 ./emlib/em_adc.o
 .debug_frame   0x00000338      0x25c ./emlib/em_cmu.o
 .debug_frame   0x00000594      0x1f8 ./emlib/em_core.o
 .debug_frame   0x0000078c      0x198 ./emlib/em_dma.o
 .debug_frame   0x00000924       0xf8 ./emlib/em_emu.o
 .debug_frame   0x00000a1c       0x9c ./emlib/em_gpio.o
 .debug_frame   0x00000ab8       0xd8 ./emlib/em_i2c.o
 .debug_frame   0x00000b90      0x120 ./emlib/em_leuart.o
 .debug_frame   0x00000cb0       0x80 ./emlib/em_rtc.o
 .debug_frame   0x00000d30       0x88 ./lora/lora.o
 .debug_frame   0x00000db8       0xc8 ./lora/lpp.o
 .debug_frame   0x00000e80      0x3a8 ./lora/rn2483.o
 .debug_frame   0x00001228       0x48 ./sensors/si7021.o
 .debug_frame   0x00001270       0x70 ./src/main.o
 .debug_frame   0x000012e0       0x78 ./system/adc.o
 .debug_frame   0x00001358       0x44 ./system/buttons.o
 .debug_frame   0x0000139c       0x78 ./system/iic.o
 .debug_frame   0x00001414       0x68 ./system/irq.o
 .debug_frame   0x0000147c       0x58 ./system/led.o
 .debug_frame   0x000014d4      0x128 ./system/leuart.o
 .debug_frame   0x000015fc       0x48 ./system/pm.o
 .debug_frame   0x00001644       0x28 ./system/system.o
 .debug_frame   0x0000166c       0x40 ./util/delay.o
 .debug_frame   0x000016ac       0x7c ./util/util.o
 .debug_frame   0x00001728       0x30 c:/siliconlabs/simplicitystudio/v4/developer/toolchains/gnu_arm/4.9_2015q3/bin/../lib/gcc/arm-none-eabi/4.9.3/../../../../arm-none-eabi/lib/armv6-m\libm.a(lib_a-s_round.o)
 .debug_frame   0x00001758       0x20 c:/siliconlabs/simplicitystudio/v4/developer/toolchains/gnu_arm/4.9_2015q3/bin/../lib/gcc/arm-none-eabi/4.9.3/armv6-m\libgcc.a(_udivsi3.o)
 .debug_frame   0x00001778       0x20 c:/siliconlabs/simplicitystudio/v4/developer/toolchains/gnu_arm/4.9_2015q3/bin/../lib/gcc/arm-none-eabi/4.9.3/armv6-m\libgcc.a(_divsi3.o)
 .debug_frame   0x00001798       0x34 c:/siliconlabs/simplicitystudio/v4/developer/toolchains/gnu_arm/4.9_2015q3/bin/../lib/gcc/arm-none-eabi/4.9.3/armv6-m\libgcc.a(_muldi3.o)
 .debug_frame   0x000017cc       0x50 c:/siliconlabs/simplicitystudio/v4/developer/toolchains/gnu_arm/4.9_2015q3/bin/../lib/gcc/arm-none-eabi/4.9.3/armv6-m\libgcc.a(bpabi.o)
 .debug_frame   0x0000181c       0x3c c:/siliconlabs/simplicitystudio/v4/developer/toolchains/gnu_arm/4.9_2015q3/bin/../lib/gcc/arm-none-eabi/4.9.3/armv6-m\libgcc.a(divsf3.o)
 .debug_frame   0x00001858       0x2c c:/siliconlabs/simplicitystudio/v4/developer/toolchains/gnu_arm/4.9_2015q3/bin/../lib/gcc/arm-none-eabi/4.9.3/armv6-m\libgcc.a(floatsisf.o)
 .debug_frame   0x00001884       0x28 c:/siliconlabs/simplicitystudio/v4/developer/toolchains/gnu_arm/4.9_2015q3/bin/../lib/gcc/arm-none-eabi/4.9.3/armv6-m\libgcc.a(floatunsisf.o)
 .debug_frame   0x000018ac       0x38 c:/siliconlabs/simplicitystudio/v4/developer/toolchains/gnu_arm/4.9_2015q3/bin/../lib/gcc/arm-none-eabi/4.9.3/armv6-m\libgcc.a(adddf3.o)
 .debug_frame   0x000018e4       0x3c c:/siliconlabs/simplicitystudio/v4/developer/toolchains/gnu_arm/4.9_2015q3/bin/../lib/gcc/arm-none-eabi/4.9.3/armv6-m\libgcc.a(muldf3.o)
 .debug_frame   0x00001920       0x2c c:/siliconlabs/simplicitystudio/v4/developer/toolchains/gnu_arm/4.9_2015q3/bin/../lib/gcc/arm-none-eabi/4.9.3/armv6-m\libgcc.a(fixdfsi.o)
 .debug_frame   0x0000194c       0x2c c:/siliconlabs/simplicitystudio/v4/developer/toolchains/gnu_arm/4.9_2015q3/bin/../lib/gcc/arm-none-eabi/4.9.3/armv6-m\libgcc.a(extendsfdf2.o)
 .debug_frame   0x00001978       0x3c c:/siliconlabs/simplicitystudio/v4/developer/toolchains/gnu_arm/4.9_2015q3/bin/../lib/gcc/arm-none-eabi/4.9.3/armv6-m\libgcc.a(_divdi3.o)
 .debug_frame   0x000019b4       0x3c c:/siliconlabs/simplicitystudio/v4/developer/toolchains/gnu_arm/4.9_2015q3/bin/../lib/gcc/arm-none-eabi/4.9.3/armv6-m\libgcc.a(_udivdi3.o)
 .debug_frame   0x000019f0       0x28 c:/siliconlabs/simplicitystudio/v4/developer/toolchains/gnu_arm/4.9_2015q3/bin/../lib/gcc/arm-none-eabi/4.9.3/../../../../arm-none-eabi/lib/armv6-m\libc_nano.a(lib_a-exit.o)
 .debug_frame   0x00001a18       0x2c c:/siliconlabs/simplicitystudio/v4/developer/toolchains/gnu_arm/4.9_2015q3/bin/../lib/gcc/arm-none-eabi/4.9.3/../../../../arm-none-eabi/lib/armv6-m\libc_nano.a(lib_a-init.o)
 .debug_frame   0x00001a44       0x40 c:/siliconlabs/simplicitystudio/v4/developer/toolchains/gnu_arm/4.9_2015q3/bin/../lib/gcc/arm-none-eabi/4.9.3/../../../../arm-none-eabi/lib/armv6-m\libc_nano.a(lib_a-malloc.o)
 .debug_frame   0x00001a84       0x28 c:/siliconlabs/simplicitystudio/v4/developer/toolchains/gnu_arm/4.9_2015q3/bin/../lib/gcc/arm-none-eabi/4.9.3/../../../../arm-none-eabi/lib/armv6-m\libc_nano.a(lib_a-memcpy.o)
 .debug_frame   0x00001aac       0x20 c:/siliconlabs/simplicitystudio/v4/developer/toolchains/gnu_arm/4.9_2015q3/bin/../lib/gcc/arm-none-eabi/4.9.3/../../../../arm-none-eabi/lib/armv6-m\libc_nano.a(lib_a-memset.o)
 .debug_frame   0x00001acc       0x2c c:/siliconlabs/simplicitystudio/v4/developer/toolchains/gnu_arm/4.9_2015q3/bin/../lib/gcc/arm-none-eabi/4.9.3/../../../../arm-none-eabi/lib/armv6-m\libc_nano.a(lib_a-nano-freer.o)
 .debug_frame   0x00001af8       0x2c c:/siliconlabs/simplicitystudio/v4/developer/toolchains/gnu_arm/4.9_2015q3/bin/../lib/gcc/arm-none-eabi/4.9.3/../../../../arm-none-eabi/lib/armv6-m\libc_nano.a(lib_a-nano-mallocr.o)
 .debug_frame   0x00001b24       0x44 c:/siliconlabs/simplicitystudio/v4/developer/toolchains/gnu_arm/4.9_2015q3/bin/../lib/gcc/arm-none-eabi/4.9.3/../../../../arm-none-eabi/lib/armv6-m\libc_nano.a(lib_a-rand.o)
 .debug_frame   0x00001b68       0x2c c:/siliconlabs/simplicitystudio/v4/developer/toolchains/gnu_arm/4.9_2015q3/bin/../lib/gcc/arm-none-eabi/4.9.3/../../../../arm-none-eabi/lib/armv6-m\libc_nano.a(lib_a-sbrkr.o)
 .debug_frame   0x00001b94       0x50 c:/siliconlabs/simplicitystudio/v4/developer/toolchains/gnu_arm/4.9_2015q3/bin/../lib/gcc/arm-none-eabi/4.9.3/../../../../arm-none-eabi/lib/armv6-m\libc_nano.a(lib_a-sprintf.o)
 .debug_frame   0x00001be4       0x20 c:/siliconlabs/simplicitystudio/v4/developer/toolchains/gnu_arm/4.9_2015q3/bin/../lib/gcc/arm-none-eabi/4.9.3/../../../../arm-none-eabi/lib/armv6-m\libc_nano.a(lib_a-strcpy.o)
 .debug_frame   0x00001c04       0x20 c:/siliconlabs/simplicitystudio/v4/developer/toolchains/gnu_arm/4.9_2015q3/bin/../lib/gcc/arm-none-eabi/4.9.3/../../../../arm-none-eabi/lib/armv6-m\libc_nano.a(lib_a-strlen.o)
 .debug_frame   0x00001c24       0x74 c:/siliconlabs/simplicitystudio/v4/developer/toolchains/gnu_arm/4.9_2015q3/bin/../lib/gcc/arm-none-eabi/4.9.3/../../../../arm-none-eabi/lib/armv6-m\libc_nano.a(lib_a-nano-svfprintf.o)
 .debug_frame   0x00001c98       0x54 c:/siliconlabs/simplicitystudio/v4/developer/toolchains/gnu_arm/4.9_2015q3/bin/../lib/gcc/arm-none-eabi/4.9.3/../../../../arm-none-eabi/lib/armv6-m\libc_nano.a(lib_a-nano-vfprintf_i.o)
 .debug_frame   0x00001cec       0x48 c:/siliconlabs/simplicitystudio/v4/developer/toolchains/gnu_arm/4.9_2015q3/bin/../lib/gcc/arm-none-eabi/4.9.3/../../../../arm-none-eabi/lib/armv6-m\libc_nano.a(lib_a-reent.o)
 .debug_frame   0x00001d34       0x20 c:/siliconlabs/simplicitystudio/v4/developer/toolchains/gnu_arm/4.9_2015q3/bin/../lib/gcc/arm-none-eabi/4.9.3/../../../../arm-none-eabi/lib/armv6-m\libc_nano.a(lib_a-memchr.o)
 .debug_frame   0x00001d54       0x28 c:/siliconlabs/simplicitystudio/v4/developer/toolchains/gnu_arm/4.9_2015q3/bin/../lib/gcc/arm-none-eabi/4.9.3/../../../../arm-none-eabi/lib/armv6-m\libc_nano.a(lib_a-memmove.o)
 .debug_frame   0x00001d7c       0x30 c:/siliconlabs/simplicitystudio/v4/developer/toolchains/gnu_arm/4.9_2015q3/bin/../lib/gcc/arm-none-eabi/4.9.3/../../../../arm-none-eabi/lib/armv6-m\libc_nano.a(lib_a-nano-reallocr.o)
 .debug_frame   0x00001dac       0x20 c:/siliconlabs/simplicitystudio/v4/developer/toolchains/gnu_arm/4.9_2015q3/bin/../lib/gcc/arm-none-eabi/4.9.3/../../../../arm-none-eabi/lib/armv6-m\libc_nano.a(lib_a-nano-msizer.o)
 .debug_frame   0x00001dcc       0x20 c:/siliconlabs/simplicitystudio/v4/developer/toolchains/gnu_arm/4.9_2015q3/bin/../lib/gcc/arm-none-eabi/4.9.3/../../../../arm-none-eabi/lib/armv6-m\libnosys.a(sbrk.o)
 .debug_frame   0x00001dec       0x20 c:/siliconlabs/simplicitystudio/v4/developer/toolchains/gnu_arm/4.9_2015q3/bin/../lib/gcc/arm-none-eabi/4.9.3/../../../../arm-none-eabi/lib/armv6-m\libnosys.a(_exit.o)
